Archive member included to satisfy reference by file (symbol)

/opt/devkitpro/devkitA64/bin/../lib/gcc/aarch64-none-elf/11.2.0/../../../../aarch64-none-elf/lib/pic/libstdc++.a(del_ops.o)
                              main_patch.o (operator delete(void*, unsigned long))
/opt/devkitpro/devkitA64/bin/../lib/gcc/aarch64-none-elf/11.2.0/../../../../aarch64-none-elf/lib/pic/libstdc++.a(del_opv.o)
                              cpputils.o (operator delete[](void*))
/opt/devkitpro/devkitA64/bin/../lib/gcc/aarch64-none-elf/11.2.0/../../../../aarch64-none-elf/lib/pic/libstdc++.a(guard.o)
                              main_patch.o (__cxa_guard_acquire)
/opt/devkitpro/devkitA64/bin/../lib/gcc/aarch64-none-elf/11.2.0/../../../../aarch64-none-elf/lib/pic/libstdc++.a(new_op.o)
                              cpputils.o (operator new(unsigned long))
/opt/devkitpro/devkitA64/bin/../lib/gcc/aarch64-none-elf/11.2.0/../../../../aarch64-none-elf/lib/pic/libstdc++.a(new_opv.o)
                              cpputils.o (operator new[](unsigned long))
/opt/devkitpro/devkitA64/bin/../lib/gcc/aarch64-none-elf/11.2.0/../../../../aarch64-none-elf/lib/pic/libstdc++.a(si_class_type_info.o)
                              /opt/devkitpro/devkitA64/bin/../lib/gcc/aarch64-none-elf/11.2.0/../../../../aarch64-none-elf/lib/pic/libstdc++.a(guard.o) (vtable for __cxxabiv1::__si_class_type_info)
/opt/devkitpro/devkitA64/bin/../lib/gcc/aarch64-none-elf/11.2.0/../../../../aarch64-none-elf/lib/pic/libstdc++.a(tinfo.o)
                              /opt/devkitpro/devkitA64/bin/../lib/gcc/aarch64-none-elf/11.2.0/../../../../aarch64-none-elf/lib/pic/libstdc++.a(si_class_type_info.o) (std::type_info::__is_pointer_p() const)
/opt/devkitpro/devkitA64/bin/../lib/gcc/aarch64-none-elf/11.2.0/../../../../aarch64-none-elf/lib/pic/libstdc++.a(functexcept.o)
                              main_patch.o (std::__throw_logic_error(char const*))
/opt/devkitpro/devkitA64/bin/../lib/gcc/aarch64-none-elf/11.2.0/../../../../aarch64-none-elf/lib/pic/libstdc++.a(functional.o)
                              cpputils.o (std::__throw_bad_function_call())
/opt/devkitpro/devkitA64/bin/../lib/gcc/aarch64-none-elf/11.2.0/../../../../aarch64-none-elf/lib/pic/libstdc++.a(shared_ptr.o)
                              cpputils.o (std::_Sp_make_shared_tag::_S_eq(std::type_info const&))
/opt/devkitpro/devkitA64/bin/../lib/gcc/aarch64-none-elf/11.2.0/../../../../aarch64-none-elf/lib/pic/libstdc++.a(snprintf_lite.o)
                              /opt/devkitpro/devkitA64/bin/../lib/gcc/aarch64-none-elf/11.2.0/../../../../aarch64-none-elf/lib/pic/libstdc++.a(functexcept.o) (__gnu_cxx::__snprintf_lite(char*, unsigned long, char const*, std::__va_list))
/opt/devkitpro/devkitA64/bin/../lib/gcc/aarch64-none-elf/11.2.0/../../../../aarch64-none-elf/lib/pic/libstdc++.a(string-inst.o)
                              main_patch.o (std::__cxx11::basic_string<char, std::char_traits<char>, std::allocator<char> >::_M_create(unsigned long&, unsigned long))
/opt/devkitpro/devkitA64/bin/../lib/gcc/aarch64-none-elf/11.2.0/../../../../aarch64-none-elf/lib/pic/libstdc++.a(bad_alloc.o)
                              /opt/devkitpro/devkitA64/bin/../lib/gcc/aarch64-none-elf/11.2.0/../../../../aarch64-none-elf/lib/pic/libstdc++.a(new_op.o) (vtable for std::bad_alloc)
/opt/devkitpro/devkitA64/bin/../lib/gcc/aarch64-none-elf/11.2.0/../../../../aarch64-none-elf/lib/pic/libstdc++.a(bad_array_new.o)
                              /opt/devkitpro/devkitA64/bin/../lib/gcc/aarch64-none-elf/11.2.0/../../../../aarch64-none-elf/lib/pic/libstdc++.a(functexcept.o) (vtable for std::bad_array_new_length)
/opt/devkitpro/devkitA64/bin/../lib/gcc/aarch64-none-elf/11.2.0/../../../../aarch64-none-elf/lib/pic/libstdc++.a(bad_cast.o)
                              /opt/devkitpro/devkitA64/bin/../lib/gcc/aarch64-none-elf/11.2.0/../../../../aarch64-none-elf/lib/pic/libstdc++.a(functexcept.o) (vtable for std::bad_cast)
/opt/devkitpro/devkitA64/bin/../lib/gcc/aarch64-none-elf/11.2.0/../../../../aarch64-none-elf/lib/pic/libstdc++.a(bad_typeid.o)
                              /opt/devkitpro/devkitA64/bin/../lib/gcc/aarch64-none-elf/11.2.0/../../../../aarch64-none-elf/lib/pic/libstdc++.a(functexcept.o) (vtable for std::bad_typeid)
/opt/devkitpro/devkitA64/bin/../lib/gcc/aarch64-none-elf/11.2.0/../../../../aarch64-none-elf/lib/pic/libstdc++.a(class_type_info.o)
                              /opt/devkitpro/devkitA64/bin/../lib/gcc/aarch64-none-elf/11.2.0/../../../../aarch64-none-elf/lib/pic/libstdc++.a(si_class_type_info.o) (__cxxabiv1::__class_type_info::__do_upcast(__cxxabiv1::__class_type_info const*, void**) const)
/opt/devkitpro/devkitA64/bin/../lib/gcc/aarch64-none-elf/11.2.0/../../../../aarch64-none-elf/lib/pic/libstdc++.a(del_op.o)
                              /opt/devkitpro/devkitA64/bin/../lib/gcc/aarch64-none-elf/11.2.0/../../../../aarch64-none-elf/lib/pic/libstdc++.a(del_ops.o) (operator delete(void*))
[...]
Memory Configuration

Name             Origin             Length             Attributes
*default*        0x0000000000000000 0xffffffffffffffff

Linker script and memory map

                0x0000000000000000                PROVIDE (__start__ = 0x0)
                0x0000000000000000                . = __start__
                0x0000000000000000                __code_start__ = .

.text           0x0000000000000000     0x7d64
                0x0000000000000000                __text_start__ = .
 *(.text.crt0)
 .text.crt0     0x0000000000000000       0xe4 crt0.o
                0x0000000000000000                __module_start
 *(.text .text.*)
 *fill*         0x00000000000000e4        0xc 
 .text.__do_global_dtors_aux
                0x00000000000000f0       0x44 /opt/devkitpro/devkitA64/bin/../lib/gcc/aarch64-none-elf/11.2.0/pic/crtbegin.o
 *fill*         0x0000000000000134        0xc 
 .text.frame_dummy
                0x0000000000000140       0x24 /opt/devkitpro/devkitA64/bin/../lib/gcc/aarch64-none-elf/11.2.0/pic/crtbegin.o
 *fill*         0x0000000000000164        0xc 
 .text._Z12skyline_mainv
                0x0000000000000170       0x24 main.o
                0x0000000000000170                skyline_main()
 *fill*         0x0000000000000194        0xc 
 .text.skyline_init
                0x00000000000001a0       0x14 main.o
                0x00000000000001a0                skyline_init
 *fill*         0x00000000000001b4        0xc 
 .text._Z17RenderingRes_hookPvjj
                0x00000000000001c0       0xf4 main_patch.o
                0x00000000000001c0                RenderingRes_hook(void*, unsigned int, unsigned int)
 *fill*         0x00000000000002b4        0xc 
 .text._Z12FPSlock_hookPvj
                0x00000000000002c0       0x44 main_patch.o
                0x00000000000002c0                FPSlock_hook(void*, unsigned int)
 *fill*         0x0000000000000304        0xc 
 .text._Z20set_TextKerning_hookPvi
                0x0000000000000310       0x18 main_patch.o
                0x0000000000000310                set_TextKerning_hook(void*, int)
 *fill*         0x0000000000000328        0x8 
 .text._Z21GetNpadState_Pro_hookPN2nn3hid16NpadFullKeyStateERKj
                0x0000000000000330       0x50 main_patch.o
                0x0000000000000330                GetNpadState_Pro_hook(nn::hid::NpadFullKeyState*, unsigned int const&)
 .text._Z25GetNpadState_JoyCons_hookPN2nn3hid16NpadJoyDualStateERKj
                0x0000000000000380       0x50 main_patch.o
                0x0000000000000380                GetNpadState_JoyCons_hook(nn::hid::NpadJoyDualState*, unsigned int const&)
 .text._Z26GetNpadState_Handheld_hookPN2nn3hid17NpadHandheldStateERKj
                0x00000000000003d0       0x50 main_patch.o
                0x00000000000003d0                GetNpadState_Handheld_hook(nn::hid::NpadHandheldState*, unsigned int const&)
 .text._ZNSt7__cxx1112basic_stringIcSt11char_traitsIcESaIcEE12_M_constructIPKcEEvT_S8_St20forward_iterator_tag.isra.0
                0x0000000000000420       0xc0 main_patch.o
 .text._Z19get_TextWidth2_hookPvPKcS_S_S_ff
                0x00000000000004e0       0x5c main_patch.o
                0x00000000000004e0                get_TextWidth2_hook(void*, char const*, void*, void*, void*, float, float)
 *fill*         0x000000000000053c        0x4 
 .text.__tcf_0  0x0000000000000540       0x2c main_patch.o
 *fill*         0x000000000000056c        0x4 
 .text._Z16fs_openfile_hookPN2nn2fs10FileHandleEPKci
                0x0000000000000570      0x500 main_patch.o
                0x0000000000000570                fs_openfile_hook(nn::fs::FileHandle*, char const*, int)
 .text._Z23returnInstructionOffsetm
                0x0000000000000a70       0x14 main_patch.o
                0x0000000000000a70                returnInstructionOffset(unsigned long)
 *fill*         0x0000000000000a84        0xc 
 .text._Z12strncat_hookPcS_
                0x0000000000000a90       0xcc main_patch.o
                0x0000000000000a90                strncat_hook(char*, char*)
 *fill*         0x0000000000000b5c        0x4 
 .text._Z21vsnprintfWrapper_hookPcmPKcS1_S1_S1_S1_S1_eeeePv
                0x0000000000000b60      0x144 main_patch.o
                0x0000000000000b60                vsnprintfWrapper_hook(char*, unsigned long, char const*, char const*, char const*, char const*, char const*, char const*, long double, long double, long double, long double, void*)
 *fill*         0x0000000000000ca4        0xc 
 .text._Z24RenderTextFromAtlas_hookPKciPvPfS1_S1_fffffff
                0x0000000000000cb0      0x1d8 main_patch.o
                0x0000000000000cb0                RenderTextFromAtlas_hook(char const*, int, void*, float*, void*, void*, float, float, float, float, float, float, float)
 *fill*         0x0000000000000e88        0x8 
 .text._Z16RenderHiddenMenuPv
                0x0000000000000e90      0x808 main_patch.o
                0x0000000000000e90                RenderHiddenMenu(void*)
 *fill*         0x0000000000001698        0x8 
 .text._Z14get_UITextcasem
                0x00000000000016a0      0x24c main_patch.o
                0x00000000000016a0                get_UITextcase(unsigned long)
 *fill*         0x00000000000018ec        0x4 
 .text._Z15RenderText_hookPv
                0x00000000000018f0       0x30 main_patch.o
                0x00000000000018f0                RenderText_hook(void*)
 .text._Z16RenderText3_hookPv
                0x0000000000001920       0x30 main_patch.o
                0x0000000000001920                RenderText3_hook(void*)
 .text._Z16RenderText4_hookPv
                0x0000000000001950       0x30 main_patch.o
                0x0000000000001950                RenderText4_hook(void*)
 .text._Z16RenderText2_hookPviiPKcS_S_S_S_ffffdfS_PfS_S_S_S_S2_S2_S2_S_
                0x0000000000001980      0x5c0 main_patch.o
                0x0000000000001980                RenderText2_hook(void*, int, int, char const*, void*, void*, void*, void*, float, float, float, float, double, float, void*, float*, void*, void*, void*, void*, float*, float*, float*, void*)
 .text._Z8CS2_mainv
                0x0000000000001f40      0x278 main_patch.o
                0x0000000000001f40                CS2_main()
 *fill*         0x00000000000021b8        0x8 
 .text._ZSt11__remove_ifIN9__gnu_cxx17__normal_iteratorIPcNSt7__cxx1112basic_stringIcSt11char_traitsIcESaIcEEEEENS0_5__ops16_Iter_equals_valIKcEEET_SE_SE_T0_
                0x00000000000021c0      0x118 main_patch.o
                0x00000000000021c0                __gnu_cxx::__normal_iterator<char*, std::__cxx11::basic_string<char, std::char_traits<char>, std::allocator<char> > > std::__remove_if<__gnu_cxx::__normal_iterator<char*, std::__cxx11::basic_string<char, std::char_traits<char>, std::allocator<char> > >, __gnu_cxx::__ops::_Iter_equals_val<char const> >(__gnu_cxx::__normal_iterator<char*, std::__cxx11::basic_string<char, std::char_traits<char>, std::allocator<char> > >, __gnu_cxx::__normal_iterator<char*, std::__cxx11::basic_string<char, std::char_traits<char>, std::allocator<char> > >, __gnu_cxx::__ops::_Iter_equals_val<char const>)
 *fill*         0x00000000000022d8        0x8 
 .text._Z18get_TextWidth_hookPvPKcS_S_S_ff
                0x00000000000022e0      0x194 main_patch.o
                0x00000000000022e0                get_TextWidth_hook(void*, char const*, void*, void*, void*, float, float)
 *fill*         0x0000000000002474        0xc 
 .text._Z15set_UIText_hookPviiPKciiiiffff
                0x0000000000002480      0x90c main_patch.o
                0x0000000000002480                set_UIText_hook(void*, int, int, char const*, int, int, int, int, float, float, float, float)
 *fill*         0x0000000000002d8c        0x4 
 .text.startup._GLOBAL__sub_I_main_patch.cpp
                0x0000000000002d90       0x2c main_patch.o
 *fill*         0x0000000000002dbc        0x4 
 .text.exit._GLOBAL__sub_D_main_patch.cpp
                0x0000000000002dc0       0x20 main_patch.o
 .text._ZN7skyline10inlinehookL25locateMappableSpaceModernEPmm
                0x0000000000002de0      0x224 controlledpages.o
 *fill*         0x0000000000003004        0xc 
 .text._ZN7skyline10inlinehook15ControlledPagesC2EPvm
                0x0000000000003010        0xc controlledpages.o
                0x0000000000003010                skyline::inlinehook::ControlledPages::ControlledPages(void*, unsigned long)
                0x0000000000003010                skyline::inlinehook::ControlledPages::ControlledPages(void*, unsigned long)
 *fill*         0x000000000000301c        0x4 
 .text._ZN7skyline10inlinehook15ControlledPages5claimEv
                0x0000000000003020      0x100 controlledpages.o
                0x0000000000003020                skyline::inlinehook::ControlledPages::claim()
 .text._ZN7skyline10inlinehook15ControlledPages7unclaimEv
                0x0000000000003120       0xa8 controlledpages.o
                0x0000000000003120                skyline::inlinehook::ControlledPages::unclaim()
 *fill*         0x00000000000031c8        0x8 
 .text._ZL18__fix_instructionsPjS_iS_S_
                0x00000000000031d0      0x940 And64InlineHook.o
 .text._Z11A64HookInitv
                0x0000000000003b10       0xfc And64InlineHook.o
                0x0000000000003b10                A64HookInit()
 *fill*         0x0000000000003c0c        0x4 
 .text._Z16A64HookFunctionVPvS_S_S_m
                0x0000000000003c10      0x1b8 And64InlineHook.o
                0x0000000000003c10                A64HookFunctionV(void*, void*, void*, void*, unsigned long)
 *fill*         0x0000000000003dc8        0x8 
 .text.A64HookFunction
                0x0000000000003dd0      0x130 And64InlineHook.o
                0x0000000000003dd0                A64HookFunction
 .text.A64InlineHook
                0x0000000000003f00       0xd8 And64InlineHook.o
                0x0000000000003f00                A64InlineHook
 *fill*         0x0000000000003fd8        0x8 
 .text.sky_memcpy
                0x0000000000003fe0       0x74 memcpy_controlled.o
                0x0000000000003fe0                sky_memcpy
 *fill*         0x0000000000004054        0xc 
 .text._ZN7skyline5utils4initEv
                0x0000000000004060       0x68 cpputils.o
                0x0000000000004060                skyline::utils::init()
 *fill*         0x00000000000040c8        0x8 
 .text.getRegionAddress
                0x00000000000040d0       0x7c cpputils.o
                0x00000000000040d0                getRegionAddress
 *fill*         0x000000000000414c        0x4 
 .text.startup._GLOBAL__sub_I_cpputils.cpp
                0x0000000000004150       0x34 cpputils.o
 *fill*         0x0000000000004184        0xc 
 .text.exit._GLOBAL__sub_D_cpputils.cpp
                0x0000000000004190        0xc cpputils.o
 *fill*         0x000000000000419c        0x4 
 .text._ZN7skyline5utils15nnServiceCreateEP7ServicePKc
                0x00000000000041a0       0xfc ipc.o
                0x00000000000041a0                skyline::utils::nnServiceCreate(Service*, char const*)
 *fill*         0x000000000000429c        0x4 
 .text._ZN7skyline5utils14nnServiceCloseEP7Service
                0x00000000000042a0       0x8c ipc.o
                0x00000000000042a0                skyline::utils::nnServiceClose(Service*)
 *fill*         0x000000000000432c        0x4 
 .text._ZN7skyline5utils3Ipc19getOwnProcessHandleEPj
                0x0000000000004330      0x17c ipc.o
                0x0000000000004330                skyline::utils::Ipc::getOwnProcessHandle(unsigned int*)
 *fill*         0x00000000000044ac        0x4 
 .text.__custom_init
                0x00000000000044b0       0x6c crti.o
                0x00000000000044b0                __custom_init
 *fill*         0x000000000000451c        0x4 
 .text.__custom_fini
                0x0000000000004520       0x44 crti.o
                0x0000000000004520                __custom_fini
 *fill*         0x0000000000004564        0xc 
 .text.memGetMap
                0x0000000000004570       0x1c utils.o
                0x0000000000004570                memGetMap
 *fill*         0x000000000000458c        0x4 
 .text.memGetMapAddr
                0x0000000000004590       0x20 utils.o
                0x0000000000004590                memGetMapAddr
 .text.memNextMap
                0x00000000000045b0       0xf0 utils.o
                0x00000000000045b0                memNextMap
 .text.memNextMapOfType
                0x00000000000046a0      0x174 utils.o
                0x00000000000046a0                memNextMapOfType
 *fill*         0x0000000000004814        0xc 
 .text.get_program_id
                0x0000000000004820       0x28 utils.o
                0x0000000000004820                get_program_id
 *fill*         0x0000000000004848        0x8 
 .text.envIsSyscallHinted
                0x0000000000004850        0x8 env.o
                0x0000000000004850                envIsSyscallHinted
 *fill*         0x0000000000004858        0x8 
 .text.envGetOwnProcessHandle
                0x0000000000004860        0xc env.o
                0x0000000000004860                envGetOwnProcessHandle
 *fill*         0x000000000000486c        0x4 
 .text.envSetOwnProcessHandle
                0x0000000000004870        0xc env.o
                0x0000000000004870                envSetOwnProcessHandle
 *fill*         0x000000000000487c        0x4 
 .text.detectKernelVersion
                0x0000000000004880      0x190 detect.o
                0x0000000000004880                detectKernelVersion
 .text.detectJitKernelPatch
                0x0000000000004a10       0xe4 detect.o
                0x0000000000004a10                detectJitKernelPatch
 *fill*         0x0000000000004af4        0xc 
 .text.jitCreate
                0x0000000000004b00      0x200 jit.o
                0x0000000000004b00                jitCreate
 .text.jitTransitionToWritable
                0x0000000000004d00       0x4c jit.o
                0x0000000000004d00                jitTransitionToWritable
 *fill*         0x0000000000004d4c        0x4 
 .text.jitTransitionToExecutable
                0x0000000000004d50       0x9c jit.o
                0x0000000000004d50                jitTransitionToExecutable
 *fill*         0x0000000000004dec        0x4 
 .text.mutexLock
                0x0000000000004df0        0x4 mutex.o
                0x0000000000004df0                mutexLock
 *fill*         0x0000000000004df4        0xc 
 .text.mutexUnlock
                0x0000000000004e00        0x4 mutex.o
                0x0000000000004e00                mutexUnlock
 *fill*         0x0000000000004e04        0xc 
 .text._GetRegionFromInfo
                0x0000000000004e10       0x64 virtmem.o
 *fill*         0x0000000000004e74        0xc 
 .text.virtmemSetup
                0x0000000000004e80      0x148 virtmem.o
                0x0000000000004e80                virtmemSetup
 *fill*         0x0000000000004fc8        0x8 
 .text.virtmemReserve
                0x0000000000004fd0      0x104 virtmem.o
                0x0000000000004fd0                virtmemReserve
 *fill*         0x00000000000050d4        0xc 
 .text.virtmemFree
                0x00000000000050e0        0x4 virtmem.o
                0x00000000000050e0                virtmemFree
 .text.inlineHandlerImpl
                0x00000000000050e4       0x9c armutils.o
                0x00000000000050e4                inlineHandlerImpl
 .text.inlineHandler
                0x0000000000005180        0xc armutils.o
                0x0000000000005180                inlineHandlerStart
                0x0000000000005180                inlineHandler
                0x000000000000518c                inlineHandlerEnd
 .text.armDCacheFlush
                0x000000000000518c       0x3c cache.o
                0x000000000000518c                armDCacheFlush
 .text.armICacheInvalidate
                0x00000000000051c8       0x38 cache.o
                0x00000000000051c8                armICacheInvalidate
 .text.svcUnmapMemory
                0x0000000000005200        0x8 svc.o
                0x0000000000005200                svcUnmapMemory
 .text.svcQueryMemory
                0x0000000000005208       0x14 svc.o
                0x0000000000005208                svcQueryMemory
 .text.svcCloseHandle
                0x000000000000521c        0x8 svc.o
                0x000000000000521c                svcCloseHandle
 .text.svcGetProcessId
                0x0000000000005224       0x14 svc.o
                0x0000000000005224                svcGetProcessId
 .text.svcGetInfo
                0x0000000000005238       0x14 svc.o
                0x0000000000005238                svcGetInfo
 .text.svcCreateCodeMemory
                0x000000000000524c       0x14 svc.o
                0x000000000000524c                svcCreateCodeMemory
 .text.svcControlCodeMemory
                0x0000000000005260        0x8 svc.o
                0x0000000000005260                svcControlCodeMemory
 .text.svcSetProcessMemoryPermission
                0x0000000000005268        0x8 svc.o
                0x0000000000005268                svcSetProcessMemoryPermission
 .text.svcMapProcessMemory
                0x0000000000005270        0x8 svc.o
                0x0000000000005270                svcMapProcessMemory
 .text.svcUnmapProcessMemory
                0x0000000000005278        0x8 svc.o
                0x0000000000005278                svcUnmapProcessMemory
 .text.svcMapProcessCodeMemory
                0x0000000000005280        0x8 svc.o
                0x0000000000005280                svcMapProcessCodeMemory
 .text.svcUnmapProcessCodeMemory
                0x0000000000005288        0x8 svc.o
                0x0000000000005288                svcUnmapProcessCodeMemory
 .text._ZdlPvm  0x0000000000005290        0x4 /opt/devkitpro/devkitA64/bin/../lib/gcc/aarch64-none-elf/11.2.0/../../../../aarch64-none-elf/lib/pic/libstdc++.a(del_ops.o)
                0x0000000000005290                operator delete(void*, unsigned long)
 *fill*         0x0000000000005294        0xc 
 .text._ZNK9__gnu_cxx24__concurrence_lock_error4whatEv
                0x00000000000052a0        0xc /opt/devkitpro/devkitA64/bin/../lib/gcc/aarch64-none-elf/11.2.0/../../../../aarch64-none-elf/lib/pic/libstdc++.a(guard.o)
                0x00000000000052a0                __gnu_cxx::__concurrence_lock_error::what() const
 *fill*         0x00000000000052ac        0x4 
 .text._ZNK9__gnu_cxx26__concurrence_unlock_error4whatEv
                0x00000000000052b0        0xc /opt/devkitpro/devkitA64/bin/../lib/gcc/aarch64-none-elf/11.2.0/../../../../aarch64-none-elf/lib/pic/libstdc++.a(guard.o)
                0x00000000000052b0                __gnu_cxx::__concurrence_unlock_error::what() const
 *fill*         0x00000000000052bc        0x4 
 .text._ZNK9__gnu_cxx29__concurrence_broadcast_error4whatEv
                0x00000000000052c0        0xc /opt/devkitpro/devkitA64/bin/../lib/gcc/aarch64-none-elf/11.2.0/../../../../aarch64-none-elf/lib/pic/libstdc++.a(guard.o)
                0x00000000000052c0                __gnu_cxx::__concurrence_broadcast_error::what() const
 *fill*         0x00000000000052cc        0x4 
 .text._ZNK9__gnu_cxx24__concurrence_wait_error4whatEv
                0x00000000000052d0        0xc /opt/devkitpro/devkitA64/bin/../lib/gcc/aarch64-none-elf/11.2.0/../../../../aarch64-none-elf/lib/pic/libstdc++.a(guard.o)
                0x00000000000052d0                __gnu_cxx::__concurrence_wait_error::what() const
 *fill*         0x00000000000052dc        0x4 
 .text._ZN12_GLOBAL__N_1L4initEv
                0x00000000000052e0       0x20 /opt/devkitpro/devkitA64/bin/../lib/gcc/aarch64-none-elf/11.2.0/../../../../aarch64-none-elf/lib/pic/libstdc++.a(guard.o)
 .text._ZN12_GLOBAL__N_1L16init_static_condEv
                0x0000000000005300       0x20 /opt/devkitpro/devkitA64/bin/../lib/gcc/aarch64-none-elf/11.2.0/../../../../aarch64-none-elf/lib/pic/libstdc++.a(guard.o)
 .text._ZN9__gnu_cxx24__concurrence_lock_errorD2Ev
                0x0000000000005320       0x14 /opt/devkitpro/devkitA64/bin/../lib/gcc/aarch64-none-elf/11.2.0/../../../../aarch64-none-elf/lib/pic/libstdc++.a(guard.o)
                0x0000000000005320                __gnu_cxx::__concurrence_lock_error::~__concurrence_lock_error()
                0x0000000000005320                __gnu_cxx::__concurrence_lock_error::~__concurrence_lock_error()
 *fill*         0x0000000000005334        0xc 
 .text._ZN9__gnu_cxx24__concurrence_wait_errorD2Ev
                0x0000000000005340       0x14 /opt/devkitpro/devkitA64/bin/../lib/gcc/aarch64-none-elf/11.2.0/../../../../aarch64-none-elf/lib/pic/libstdc++.a(guard.o)
                0x0000000000005340                __gnu_cxx::__concurrence_wait_error::~__concurrence_wait_error()
                0x0000000000005340                __gnu_cxx::__concurrence_wait_error::~__concurrence_wait_error()
 *fill*         0x0000000000005354        0xc 
 .text._ZN9__gnu_cxx26__concurrence_unlock_errorD2Ev
                0x0000000000005360       0x14 /opt/devkitpro/devkitA64/bin/../lib/gcc/aarch64-none-elf/11.2.0/../../../../aarch64-none-elf/lib/pic/libstdc++.a(guard.o)
                0x0000000000005360                __gnu_cxx::__concurrence_unlock_error::~__concurrence_unlock_error()
                0x0000000000005360                __gnu_cxx::__concurrence_unlock_error::~__concurrence_unlock_error()
 *fill*         0x0000000000005374        0xc 
 .text._ZN9__gnu_cxx29__concurrence_broadcast_errorD2Ev
                0x0000000000005380       0x14 /opt/devkitpro/devkitA64/bin/../lib/gcc/aarch64-none-elf/11.2.0/../../../../aarch64-none-elf/lib/pic/libstdc++.a(guard.o)
                0x0000000000005380                __gnu_cxx::__concurrence_broadcast_error::~__concurrence_broadcast_error()
                0x0000000000005380                __gnu_cxx::__concurrence_broadcast_error::~__concurrence_broadcast_error()
 *fill*         0x0000000000005394        0xc 
 .text._ZN9__gnu_cxx24__concurrence_lock_errorD0Ev
                0x00000000000053a0       0x38 /opt/devkitpro/devkitA64/bin/../lib/gcc/aarch64-none-elf/11.2.0/../../../../aarch64-none-elf/lib/pic/libstdc++.a(guard.o)
                0x00000000000053a0                __gnu_cxx::__concurrence_lock_error::~__concurrence_lock_error()
 *fill*         0x00000000000053d8        0x8 
 .text._ZN9__gnu_cxx24__concurrence_wait_errorD0Ev
                0x00000000000053e0       0x38 /opt/devkitpro/devkitA64/bin/../lib/gcc/aarch64-none-elf/11.2.0/../../../../aarch64-none-elf/lib/pic/libstdc++.a(guard.o)
                0x00000000000053e0                __gnu_cxx::__concurrence_wait_error::~__concurrence_wait_error()
 *fill*         0x0000000000005418        0x8 
 .text._ZN9__gnu_cxx26__concurrence_unlock_errorD0Ev
                0x0000000000005420       0x38 /opt/devkitpro/devkitA64/bin/../lib/gcc/aarch64-none-elf/11.2.0/../../../../aarch64-none-elf/lib/pic/libstdc++.a(guard.o)
                0x0000000000005420                __gnu_cxx::__concurrence_unlock_error::~__concurrence_unlock_error()
 *fill*         0x0000000000005458        0x8 
 .text._ZN9__gnu_cxx29__concurrence_broadcast_errorD0Ev
                0x0000000000005460       0x38 /opt/devkitpro/devkitA64/bin/../lib/gcc/aarch64-none-elf/11.2.0/../../../../aarch64-none-elf/lib/pic/libstdc++.a(guard.o)
                0x0000000000005460                __gnu_cxx::__concurrence_broadcast_error::~__concurrence_broadcast_error()
 .text.unlikely._ZN9__gnu_cxx30__throw_concurrence_lock_errorEv
                0x0000000000005498       0x34 /opt/devkitpro/devkitA64/bin/../lib/gcc/aarch64-none-elf/11.2.0/../../../../aarch64-none-elf/lib/pic/libstdc++.a(guard.o)
                0x0000000000005498                __gnu_cxx::__throw_concurrence_lock_error()
 .text.unlikely._ZN9__gnu_cxx32__throw_concurrence_unlock_errorEv
                0x00000000000054cc       0x34 /opt/devkitpro/devkitA64/bin/../lib/gcc/aarch64-none-elf/11.2.0/../../../../aarch64-none-elf/lib/pic/libstdc++.a(guard.o)
                0x00000000000054cc                __gnu_cxx::__throw_concurrence_unlock_error()
 .text.unlikely._ZN9__gnu_cxx35__throw_concurrence_broadcast_errorEv
                0x0000000000005500       0x34 /opt/devkitpro/devkitA64/bin/../lib/gcc/aarch64-none-elf/11.2.0/../../../../aarch64-none-elf/lib/pic/libstdc++.a(guard.o)
                0x0000000000005500                __gnu_cxx::__throw_concurrence_broadcast_error()
 *fill*         0x0000000000005534        0xc 
 .text.__cxa_guard_acquire
                0x0000000000005540      0x14c /opt/devkitpro/devkitA64/bin/../lib/gcc/aarch64-none-elf/11.2.0/../../../../aarch64-none-elf/lib/pic/libstdc++.a(guard.o)
                0x0000000000005540                __cxa_guard_acquire
 *fill*         0x000000000000568c        0x4 
 .text.__cxa_guard_release
                0x0000000000005690       0x88 /opt/devkitpro/devkitA64/bin/../lib/gcc/aarch64-none-elf/11.2.0/../../../../aarch64-none-elf/lib/pic/libstdc++.a(guard.o)
                0x0000000000005690                __cxa_guard_release
 *fill*         0x0000000000005718        0x8 
 .text._Znwm    0x0000000000005720       0x68 /opt/devkitpro/devkitA64/bin/../lib/gcc/aarch64-none-elf/11.2.0/../../../../aarch64-none-elf/lib/pic/libstdc++.a(new_op.o)
                0x0000000000005720                operator new(unsigned long)
 *fill*         0x0000000000005788        0x8 
 .text._ZN10__cxxabiv120__si_class_type_infoD2Ev
                0x0000000000005790       0x14 /opt/devkitpro/devkitA64/bin/../lib/gcc/aarch64-none-elf/11.2.0/../../../../aarch64-none-elf/lib/pic/libstdc++.a(si_class_type_info.o)
                0x0000000000005790                __cxxabiv1::__si_class_type_info::~__si_class_type_info()
                0x0000000000005790                __cxxabiv1::__si_class_type_info::~__si_class_type_info()
 *fill*         0x00000000000057a4        0xc 
 .text._ZN10__cxxabiv120__si_class_type_infoD0Ev
                0x00000000000057b0       0x28 /opt/devkitpro/devkitA64/bin/../lib/gcc/aarch64-none-elf/11.2.0/../../../../aarch64-none-elf/lib/pic/libstdc++.a(si_class_type_info.o)
                0x00000000000057b0                __cxxabiv1::__si_class_type_info::~__si_class_type_info()
 *fill*         0x00000000000057d8        0x8 
 .text._ZNK10__cxxabiv120__si_class_type_info12__do_dyncastElNS_17__class_type_info10__sub_kindEPKS1_PKvS4_S6_RNS1_16__dyncast_resultE
                0x00000000000057e0      0x13c /opt/devkitpro/devkitA64/bin/../lib/gcc/aarch64-none-elf/11.2.0/../../../../aarch64-none-elf/lib/pic/libstdc++.a(si_class_type_info.o)
                0x00000000000057e0                __cxxabiv1::__si_class_type_info::__do_dyncast(long, __cxxabiv1::__class_type_info::__sub_kind, __cxxabiv1::__class_type_info const*, void const*, __cxxabiv1::__class_type_info const*, void const*, __cxxabiv1::__class_type_info::__dyncast_result&) const
 *fill*         0x000000000000591c        0x4 
 .text._ZNK10__cxxabiv120__si_class_type_info20__do_find_public_srcElPKvPKNS_17__class_type_infoES2_
                0x0000000000005920       0x80 /opt/devkitpro/devkitA64/bin/../lib/gcc/aarch64-none-elf/11.2.0/../../../../aarch64-none-elf/lib/pic/libstdc++.a(si_class_type_info.o)
                0x0000000000005920                __cxxabiv1::__si_class_type_info::__do_find_public_src(long, void const*, __cxxabiv1::__class_type_info const*, void const*) const
 .text._ZNK10__cxxabiv120__si_class_type_info11__do_upcastEPKNS_17__class_type_infoEPKvRNS1_15__upcast_resultE
                0x00000000000059a0       0x68 /opt/devkitpro/devkitA64/bin/../lib/gcc/aarch64-none-elf/11.2.0/../../../../aarch64-none-elf/lib/pic/libstdc++.a(si_class_type_info.o)
                0x00000000000059a0                __cxxabiv1::__si_class_type_info::__do_upcast(__cxxabiv1::__class_type_info const*, void const*, __cxxabiv1::__class_type_info::__upcast_result&) const
 *fill*         0x0000000000005a08        0x8 
 .text._ZNSt9type_infoD2Ev
                0x0000000000005a10        0x4 /opt/devkitpro/devkitA64/bin/../lib/gcc/aarch64-none-elf/11.2.0/../../../../aarch64-none-elf/lib/pic/libstdc++.a(tinfo.o)
                0x0000000000005a10                std::type_info::~type_info()
                0x0000000000005a10                std::type_info::~type_info()
 *fill*         0x0000000000005a14        0xc 
 .text._ZNKSt9type_info14__is_pointer_pEv
                0x0000000000005a20        0x8 /opt/devkitpro/devkitA64/bin/../lib/gcc/aarch64-none-elf/11.2.0/../../../../aarch64-none-elf/lib/pic/libstdc++.a(tinfo.o)
                0x0000000000005a20                std::type_info::__is_function_p() const
                0x0000000000005a20                std::type_info::__is_pointer_p() const
 .text.unlikely._ZSt17__throw_bad_allocv
                0x0000000000005a28       0x34 /opt/devkitpro/devkitA64/bin/../lib/gcc/aarch64-none-elf/11.2.0/../../../../aarch64-none-elf/lib/pic/libstdc++.a(functexcept.o)
                0x0000000000005a28                std::__throw_bad_alloc()
 .text.unlikely._ZSt19__throw_logic_errorPKc
                0x0000000000005a5c       0x54 /opt/devkitpro/devkitA64/bin/../lib/gcc/aarch64-none-elf/11.2.0/../../../../aarch64-none-elf/lib/pic/libstdc++.a(functexcept.o)
                0x0000000000005a5c                std::__throw_logic_error(char const*)
 .text.unlikely._ZSt20__throw_length_errorPKc
                0x0000000000005ab0       0x54 /opt/devkitpro/devkitA64/bin/../lib/gcc/aarch64-none-elf/11.2.0/../../../../aarch64-none-elf/lib/pic/libstdc++.a(functexcept.o)
                0x0000000000005ab0                std::__throw_length_error(char const*)
 *fill*         0x0000000000005b04        0xc 
 .text._ZSt24__throw_out_of_range_fmtPKcz
                0x0000000000005b10       0xd0 /opt/devkitpro/devkitA64/bin/../lib/gcc/aarch64-none-elf/11.2.0/../../../../aarch64-none-elf/lib/pic/libstdc++.a(functexcept.o)
                0x0000000000005b10                std::__throw_out_of_range_fmt(char const*, ...)
 .text._ZN9__gnu_cxx26__throw_insufficient_spaceEPKcS1_
                0x0000000000005be0       0x88 /opt/devkitpro/devkitA64/bin/../lib/gcc/aarch64-none-elf/11.2.0/../../../../aarch64-none-elf/lib/pic/libstdc++.a(snprintf_lite.o)
                0x0000000000005be0                __gnu_cxx::__throw_insufficient_space(char const*, char const*)
 *fill*         0x0000000000005c68        0x8 
 .text._ZN9__gnu_cxx15__concat_size_tEPcmm
                0x0000000000005c70       0x90 /opt/devkitpro/devkitA64/bin/../lib/gcc/aarch64-none-elf/11.2.0/../../../../aarch64-none-elf/lib/pic/libstdc++.a(snprintf_lite.o)
                0x0000000000005c70                __gnu_cxx::__concat_size_t(char*, unsigned long, unsigned long)
 .text._ZN9__gnu_cxx15__snprintf_liteEPcmPKcSt9__va_list
                0x0000000000005d00      0x1b4 /opt/devkitpro/devkitA64/bin/../lib/gcc/aarch64-none-elf/11.2.0/../../../../aarch64-none-elf/lib/pic/libstdc++.a(snprintf_lite.o)
                0x0000000000005d00                __gnu_cxx::__snprintf_lite(char*, unsigned long, char const*, std::__va_list)
 *fill*         0x0000000000005eb4        0xc 
 .text._ZNSt7__cxx1112basic_stringIcSt11char_traitsIcESaIcEE9_M_createERmm
                0x0000000000005ec0       0x5c /opt/devkitpro/devkitA64/bin/../lib/gcc/aarch64-none-elf/11.2.0/../../../../aarch64-none-elf/lib/pic/libstdc++.a(string-inst.o)
                0x0000000000005ec0                std::__cxx11::basic_string<char, std::char_traits<char>, std::allocator<char> >::_M_create(unsigned long&, unsigned long)
 *fill*         0x0000000000005f1c        0x4 
 .text._ZNSt7__cxx1112basic_stringIcSt11char_traitsIcESaIcEE10_M_disposeEv
                0x0000000000005f20       0x18 /opt/devkitpro/devkitA64/bin/../lib/gcc/aarch64-none-elf/11.2.0/../../../../aarch64-none-elf/lib/pic/libstdc++.a(string-inst.o)
                0x0000000000005f20                std::__cxx11::basic_string<char, std::char_traits<char>, std::allocator<char> >::_M_dispose()
 *fill*         0x0000000000005f38        0x8 
 .text._ZNSt7__cxx1112basic_stringIcSt11char_traitsIcESaIcEE9_M_mutateEmmPKcm
                0x0000000000005f40      0x124 /opt/devkitpro/devkitA64/bin/../lib/gcc/aarch64-none-elf/11.2.0/../../../../aarch64-none-elf/lib/pic/libstdc++.a(string-inst.o)
                0x0000000000005f40                std::__cxx11::basic_string<char, std::char_traits<char>, std::allocator<char> >::_M_mutate(unsigned long, unsigned long, char const*, unsigned long)
 *fill*         0x0000000000006064        0xc 
 .text._ZNSt7__cxx1112basic_stringIcSt11char_traitsIcESaIcEE8_M_eraseEmm
                0x0000000000006070       0x8c /opt/devkitpro/devkitA64/bin/../lib/gcc/aarch64-none-elf/11.2.0/../../../../aarch64-none-elf/lib/pic/libstdc++.a(string-inst.o)
                0x0000000000006070                std::__cxx11::basic_string<char, std::char_traits<char>, std::allocator<char> >::_M_erase(unsigned long, unsigned long)
 *fill*         0x00000000000060fc        0x4 
 .text._ZNSt7__cxx1112basic_stringIcSt11char_traitsIcESaIcEE10_M_replaceEmmPKcm
                0x0000000000006100      0x2fc /opt/devkitpro/devkitA64/bin/../lib/gcc/aarch64-none-elf/11.2.0/../../../../aarch64-none-elf/lib/pic/libstdc++.a(string-inst.o)
                0x0000000000006100                std::__cxx11::basic_string<char, std::char_traits<char>, std::allocator<char> >::_M_replace(unsigned long, unsigned long, char const*, unsigned long)
 *fill*         0x00000000000063fc        0x4 
 .text._ZNSt7__cxx1112basic_stringIcSt11char_traitsIcESaIcEE9_M_appendEPKcm
                0x0000000000006400       0xc0 /opt/devkitpro/devkitA64/bin/../lib/gcc/aarch64-none-elf/11.2.0/../../../../aarch64-none-elf/lib/pic/libstdc++.a(string-inst.o)
                0x0000000000006400                std::__cxx11::basic_string<char, std::char_traits<char>, std::allocator<char> >::_M_append(char const*, unsigned long)
 .text._ZNKSt7__cxx1112basic_stringIcSt11char_traitsIcESaIcEE4findEPKcmm
                0x00000000000064c0      0x104 /opt/devkitpro/devkitA64/bin/../lib/gcc/aarch64-none-elf/11.2.0/../../../../aarch64-none-elf/lib/pic/libstdc++.a(string-inst.o)
                0x00000000000064c0                std::__cxx11::basic_string<char, std::char_traits<char>, std::allocator<char> >::find(char const*, unsigned long, unsigned long) const
 *fill*         0x00000000000065c4        0xc 
 .text._ZNKSt7__cxx1112basic_stringIcSt11char_traitsIcESaIcEE7compareEPKc
                0x00000000000065d0       0x74 /opt/devkitpro/devkitA64/bin/../lib/gcc/aarch64-none-elf/11.2.0/../../../../aarch64-none-elf/lib/pic/libstdc++.a(string-inst.o)
                0x00000000000065d0                std::__cxx11::basic_string<char, std::char_traits<char>, std::allocator<char> >::compare(char const*) const
 *fill*         0x0000000000006644        0xc 
 .text._ZNKSt9bad_alloc4whatEv
                0x0000000000006650        0xc /opt/devkitpro/devkitA64/bin/../lib/gcc/aarch64-none-elf/11.2.0/../../../../aarch64-none-elf/lib/pic/libstdc++.a(bad_alloc.o)
                0x0000000000006650                std::bad_alloc::what() const
 *fill*         0x000000000000665c        0x4 
 .text._ZNSt9bad_allocD2Ev
                0x0000000000006660       0x14 /opt/devkitpro/devkitA64/bin/../lib/gcc/aarch64-none-elf/11.2.0/../../../../aarch64-none-elf/lib/pic/libstdc++.a(bad_alloc.o)
                0x0000000000006660                std::bad_alloc::~bad_alloc()
                0x0000000000006660                std::bad_alloc::~bad_alloc()
 *fill*         0x0000000000006674        0xc 
 .text._ZNSt9bad_allocD0Ev
                0x0000000000006680       0x28 /opt/devkitpro/devkitA64/bin/../lib/gcc/aarch64-none-elf/11.2.0/../../../../aarch64-none-elf/lib/pic/libstdc++.a(bad_alloc.o)
                0x0000000000006680                std::bad_alloc::~bad_alloc()
 *fill*         0x00000000000066a8        0x8 
 .text._ZNK10__cxxabiv117__class_type_info11__do_upcastEPKS0_PPv
                0x00000000000066b0       0x6c /opt/devkitpro/devkitA64/bin/../lib/gcc/aarch64-none-elf/11.2.0/../../../../aarch64-none-elf/lib/pic/libstdc++.a(class_type_info.o)
                0x00000000000066b0                __cxxabiv1::__class_type_info::__do_upcast(__cxxabiv1::__class_type_info const*, void**) const
 *fill*         0x000000000000671c        0x4 
 .text._ZNK10__cxxabiv117__class_type_info20__do_find_public_srcElPKvPKS0_S2_
                0x0000000000006720       0x10 /opt/devkitpro/devkitA64/bin/../lib/gcc/aarch64-none-elf/11.2.0/../../../../aarch64-none-elf/lib/pic/libstdc++.a(class_type_info.o)
                0x0000000000006720                __cxxabiv1::__class_type_info::__do_find_public_src(long, void const*, __cxxabiv1::__class_type_info const*, void const*) const
 .text._ZN10__cxxabiv117__class_type_infoD2Ev
                0x0000000000006730       0x14 /opt/devkitpro/devkitA64/bin/../lib/gcc/aarch64-none-elf/11.2.0/../../../../aarch64-none-elf/lib/pic/libstdc++.a(class_type_info.o)
                0x0000000000006730                __cxxabiv1::__class_type_info::~__class_type_info()
                0x0000000000006730                __cxxabiv1::__class_type_info::~__class_type_info()
 *fill*         0x0000000000006744        0xc 
 .text._ZN10__cxxabiv117__class_type_infoD0Ev
                0x0000000000006750       0x28 /opt/devkitpro/devkitA64/bin/../lib/gcc/aarch64-none-elf/11.2.0/../../../../aarch64-none-elf/lib/pic/libstdc++.a(class_type_info.o)
                0x0000000000006750                __cxxabiv1::__class_type_info::~__class_type_info()
 *fill*         0x0000000000006778        0x8 
 .text._ZNK10__cxxabiv117__class_type_info11__do_upcastEPKS0_PKvRNS0_15__upcast_resultE
                0x0000000000006780       0x6c /opt/devkitpro/devkitA64/bin/../lib/gcc/aarch64-none-elf/11.2.0/../../../../aarch64-none-elf/lib/pic/libstdc++.a(class_type_info.o)
                0x0000000000006780                __cxxabiv1::__class_type_info::__do_upcast(__cxxabiv1::__class_type_info const*, void const*, __cxxabiv1::__class_type_info::__upcast_result&) const
 *fill*         0x00000000000067ec        0x4 
 .text._ZNK10__cxxabiv117__class_type_info10__do_catchEPKSt9type_infoPPvj
                0x00000000000067f0       0xac /opt/devkitpro/devkitA64/bin/../lib/gcc/aarch64-none-elf/11.2.0/../../../../aarch64-none-elf/lib/pic/libstdc++.a(class_type_info.o)
                0x00000000000067f0                __cxxabiv1::__class_type_info::__do_catch(std::type_info const*, void**, unsigned int) const
 *fill*         0x000000000000689c        0x4 
 .text._ZNK10__cxxabiv117__class_type_info12__do_dyncastElNS0_10__sub_kindEPKS0_PKvS3_S5_RNS0_16__dyncast_resultE
                0x00000000000068a0       0xdc /opt/devkitpro/devkitA64/bin/../lib/gcc/aarch64-none-elf/11.2.0/../../../../aarch64-none-elf/lib/pic/libstdc++.a(class_type_info.o)
                0x00000000000068a0                __cxxabiv1::__class_type_info::__do_dyncast(long, __cxxabiv1::__class_type_info::__sub_kind, __cxxabiv1::__class_type_info const*, void const*, __cxxabiv1::__class_type_info const*, void const*, __cxxabiv1::__class_type_info::__dyncast_result&) const
 *fill*         0x000000000000697c        0x4 
 .text._ZdlPv   0x0000000000006980        0x4 /opt/devkitpro/devkitA64/bin/../lib/gcc/aarch64-none-elf/11.2.0/../../../../aarch64-none-elf/lib/pic/libstdc++.a(del_op.o)
                0x0000000000006980                operator delete(void*)
 *fill*         0x0000000000006984        0xc 
 .text._ZN12_GLOBAL__N_14pool4freeEPv.constprop.0
                0x0000000000006990      0x11c /opt/devkitpro/devkitA64/bin/../lib/gcc/aarch64-none-elf/11.2.0/../../../../aarch64-none-elf/lib/pic/libstdc++.a(eh_alloc.o)
 *fill*         0x0000000000006aac        0x4 
 .text._ZN12_GLOBAL__N_14pool8allocateEm.constprop.0
                0x0000000000006ab0       0xc0 /opt/devkitpro/devkitA64/bin/../lib/gcc/aarch64-none-elf/11.2.0/../../../../aarch64-none-elf/lib/pic/libstdc++.a(eh_alloc.o)
 .text.__cxa_allocate_exception
                0x0000000000006b70       0x58 /opt/devkitpro/devkitA64/bin/../lib/gcc/aarch64-none-elf/11.2.0/../../../../aarch64-none-elf/lib/pic/libstdc++.a(eh_alloc.o)
                0x0000000000006b70                __cxa_allocate_exception
 *fill*         0x0000000000006bc8        0x8 
 .text.__cxa_free_exception
                0x0000000000006bd0       0x40 /opt/devkitpro/devkitA64/bin/../lib/gcc/aarch64-none-elf/11.2.0/../../../../aarch64-none-elf/lib/pic/libstdc++.a(eh_alloc.o)
                0x0000000000006bd0                __cxa_free_exception
 .text.startup._GLOBAL__sub_I_eh_alloc.cc
                0x0000000000006c10       0x54 /opt/devkitpro/devkitA64/bin/../lib/gcc/aarch64-none-elf/11.2.0/../../../../aarch64-none-elf/lib/pic/libstdc++.a(eh_alloc.o)
 *fill*         0x0000000000006c64        0xc 
 .text.__cxa_begin_catch
                0x0000000000006c70       0x9c /opt/devkitpro/devkitA64/bin/../lib/gcc/aarch64-none-elf/11.2.0/../../../../aarch64-none-elf/lib/pic/libstdc++.a(eh_catch.o)
                0x0000000000006c70                __cxa_begin_catch
 *fill*         0x0000000000006d0c        0x4 
 .text._ZNSt9exceptionD2Ev
                0x0000000000006d10        0x4 /opt/devkitpro/devkitA64/bin/../lib/gcc/aarch64-none-elf/11.2.0/../../../../aarch64-none-elf/lib/pic/libstdc++.a(eh_exception.o)
                0x0000000000006d10                std::exception::~exception()
                0x0000000000006d10                std::exception::~exception()
 *fill*         0x0000000000006d14        0xc 
 .text._ZL15eh_globals_dtorPv
                0x0000000000006d20       0x44 /opt/devkitpro/devkitA64/bin/../lib/gcc/aarch64-none-elf/11.2.0/../../../../aarch64-none-elf/lib/pic/libstdc++.a(eh_globals.o)
 *fill*         0x0000000000006d64        0xc 
 .text.__cxa_get_globals
                0x0000000000006d70       0x74 /opt/devkitpro/devkitA64/bin/../lib/gcc/aarch64-none-elf/11.2.0/../../../../aarch64-none-elf/lib/pic/libstdc++.a(eh_globals.o)
                0x0000000000006d70                __cxa_get_globals
 *fill*         0x0000000000006de4        0xc 
 .text.startup._GLOBAL__sub_I_eh_globals.cc
                0x0000000000006df0       0x40 /opt/devkitpro/devkitA64/bin/../lib/gcc/aarch64-none-elf/11.2.0/../../../../aarch64-none-elf/lib/pic/libstdc++.a(eh_globals.o)
 .text.exit._GLOBAL__sub_D_eh_globals.cc
                0x0000000000006e30       0x2c /opt/devkitpro/devkitA64/bin/../lib/gcc/aarch64-none-elf/11.2.0/../../../../aarch64-none-elf/lib/pic/libstdc++.a(eh_globals.o)
 *fill*         0x0000000000006e5c        0x4 
 .text._ZL16get_adjusted_ptrPKSt9type_infoS1_PPv
                0x0000000000006e60       0x84 /opt/devkitpro/devkitA64/bin/../lib/gcc/aarch64-none-elf/11.2.0/../../../../aarch64-none-elf/lib/pic/libstdc++.a(eh_personality.o)
 *fill*         0x0000000000006ee4        0xc 
 .text._ZL28read_encoded_value_with_basehmPKhPm
                0x0000000000006ef0      0x160 /opt/devkitpro/devkitA64/bin/../lib/gcc/aarch64-none-elf/11.2.0/../../../../aarch64-none-elf/lib/pic/libstdc++.a(eh_personality.o)
 .text._ZL21base_of_encoded_valuehP15_Unwind_Context
                0x0000000000007050       0x64 /opt/devkitpro/devkitA64/bin/../lib/gcc/aarch64-none-elf/11.2.0/../../../../aarch64-none-elf/lib/pic/libstdc++.a(eh_personality.o)
 *fill*         0x00000000000070b4        0xc 
 .text._ZL20check_exception_specP16lsda_header_infoPKSt9type_infoPvl
                0x00000000000070c0      0x100 /opt/devkitpro/devkitA64/bin/../lib/gcc/aarch64-none-elf/11.2.0/../../../../aarch64-none-elf/lib/pic/libstdc++.a(eh_personality.o)
 .text._ZL17parse_lsda_headerP15_Unwind_ContextPKhP16lsda_header_info
                0x00000000000071c0       0xe8 /opt/devkitpro/devkitA64/bin/../lib/gcc/aarch64-none-elf/11.2.0/../../../../aarch64-none-elf/lib/pic/libstdc++.a(eh_personality.o)
 *fill*         0x00000000000072a8        0x8 
 .text.__gxx_personality_v0
                0x00000000000072b0      0x560 /opt/devkitpro/devkitA64/bin/../lib/gcc/aarch64-none-elf/11.2.0/../../../../aarch64-none-elf/lib/pic/libstdc++.a(eh_personality.o)
                0x00000000000072b0                __gxx_personality_v0
 .text._ZN10__cxxabiv111__terminateEPFvvE
                0x0000000000007810       0x18 /opt/devkitpro/devkitA64/bin/../lib/gcc/aarch64-none-elf/11.2.0/../../../../aarch64-none-elf/lib/pic/libstdc++.a(eh_terminate.o)
                0x0000000000007810                __cxxabiv1::__terminate(void (*)())
 *fill*         0x0000000000007828        0x8 
 .text._ZSt13get_terminatev
                0x0000000000007830       0x10 /opt/devkitpro/devkitA64/bin/../lib/gcc/aarch64-none-elf/11.2.0/../../../../aarch64-none-elf/lib/pic/libstdc++.a(eh_terminate.o)
                0x0000000000007830                std::get_terminate()
 .text._ZSt9terminatev
                0x0000000000007840       0x10 /opt/devkitpro/devkitA64/bin/../lib/gcc/aarch64-none-elf/11.2.0/../../../../aarch64-none-elf/lib/pic/libstdc++.a(eh_terminate.o)
                0x0000000000007840                std::terminate()
 .text._ZN10__cxxabiv112__unexpectedEPFvvE
                0x0000000000007850       0x10 /opt/devkitpro/devkitA64/bin/../lib/gcc/aarch64-none-elf/11.2.0/../../../../aarch64-none-elf/lib/pic/libstdc++.a(eh_terminate.o)
                0x0000000000007850                __cxxabiv1::__unexpected(void (*)())
 .text._ZSt14get_unexpectedv
                0x0000000000007860       0x10 /opt/devkitpro/devkitA64/bin/../lib/gcc/aarch64-none-elf/11.2.0/../../../../aarch64-none-elf/lib/pic/libstdc++.a(eh_terminate.o)
                0x0000000000007860                std::get_unexpected()
 .text._ZSt10unexpectedv
                0x0000000000007870       0x10 /opt/devkitpro/devkitA64/bin/../lib/gcc/aarch64-none-elf/11.2.0/../../../../aarch64-none-elf/lib/pic/libstdc++.a(eh_terminate.o)
                0x0000000000007870                std::unexpected()
 .text._ZL23__gxx_exception_cleanup19_Unwind_Reason_CodeP17_Unwind_Exception
                0x0000000000007880       0x64 /opt/devkitpro/devkitA64/bin/../lib/gcc/aarch64-none-elf/11.2.0/../../../../aarch64-none-elf/lib/pic/libstdc++.a(eh_throw.o)
 *fill*         0x00000000000078e4        0xc 
 .text.__cxa_init_primary_exception
                0x00000000000078f0       0x58 /opt/devkitpro/devkitA64/bin/../lib/gcc/aarch64-none-elf/11.2.0/../../../../aarch64-none-elf/lib/pic/libstdc++.a(eh_throw.o)
                0x00000000000078f0                __cxa_init_primary_exception
 *fill*         0x0000000000007948        0x8 
 .text.__cxa_throw
                0x0000000000007950       0x60 /opt/devkitpro/devkitA64/bin/../lib/gcc/aarch64-none-elf/11.2.0/../../../../aarch64-none-elf/lib/pic/libstdc++.a(eh_throw.o)
                0x0000000000007950                __cxa_throw
 .text._ZSt15get_new_handlerv
                0x00000000000079b0       0x10 /opt/devkitpro/devkitA64/bin/../lib/gcc/aarch64-none-elf/11.2.0/../../../../aarch64-none-elf/lib/pic/libstdc++.a(new_handler.o)
                0x00000000000079b0                std::get_new_handler()
 .text._ZNKSt11logic_error4whatEv
                0x00000000000079c0        0x8 /opt/devkitpro/devkitA64/bin/../lib/gcc/aarch64-none-elf/11.2.0/../../../../aarch64-none-elf/lib/pic/libstdc++.a(stdexcept.o)
                0x00000000000079c0                std::runtime_error::what() const
                0x00000000000079c0                std::logic_error::what() const
 *fill*         0x00000000000079c8        0x8 
 .text._ZNSt11logic_errorD2Ev
                0x00000000000079d0       0x70 /opt/devkitpro/devkitA64/bin/../lib/gcc/aarch64-none-elf/11.2.0/../../../../aarch64-none-elf/lib/pic/libstdc++.a(stdexcept.o)
                0x00000000000079d0                std::logic_error::~logic_error()
                0x00000000000079d0                std::logic_error::~logic_error()
 .text._ZNSt11logic_errorD0Ev
                0x0000000000007a40       0x24 /opt/devkitpro/devkitA64/bin/../lib/gcc/aarch64-none-elf/11.2.0/../../../../aarch64-none-elf/lib/pic/libstdc++.a(stdexcept.o)
                0x0000000000007a40                std::logic_error::~logic_error()
 *fill*         0x0000000000007a64        0xc 
 .text._ZNSt12length_errorD2Ev
                0x0000000000007a70       0x14 /opt/devkitpro/devkitA64/bin/../lib/gcc/aarch64-none-elf/11.2.0/../../../../aarch64-none-elf/lib/pic/libstdc++.a(stdexcept.o)
                0x0000000000007a70                std::length_error::~length_error()
                0x0000000000007a70                std::length_error::~length_error()
 *fill*         0x0000000000007a84        0xc 
 .text._ZNSt12length_errorD0Ev
                0x0000000000007a90       0x24 /opt/devkitpro/devkitA64/bin/../lib/gcc/aarch64-none-elf/11.2.0/../../../../aarch64-none-elf/lib/pic/libstdc++.a(stdexcept.o)
                0x0000000000007a90                std::length_error::~length_error()
 *fill*         0x0000000000007ab4        0xc 
 .text._ZNSt12out_of_rangeD2Ev
                0x0000000000007ac0       0x14 /opt/devkitpro/devkitA64/bin/../lib/gcc/aarch64-none-elf/11.2.0/../../../../aarch64-none-elf/lib/pic/libstdc++.a(stdexcept.o)
                0x0000000000007ac0                std::out_of_range::~out_of_range()
                0x0000000000007ac0                std::out_of_range::~out_of_range()
 *fill*         0x0000000000007ad4        0xc 
 .text._ZNSt12out_of_rangeD0Ev
                0x0000000000007ae0       0x24 /opt/devkitpro/devkitA64/bin/../lib/gcc/aarch64-none-elf/11.2.0/../../../../aarch64-none-elf/lib/pic/libstdc++.a(stdexcept.o)
                0x0000000000007ae0                std::out_of_range::~out_of_range()
 *fill*         0x0000000000007b04        0xc 
 .text._ZNSt11logic_errorC2EPKc
                0x0000000000007b10       0xf0 /opt/devkitpro/devkitA64/bin/../lib/gcc/aarch64-none-elf/11.2.0/../../../../aarch64-none-elf/lib/pic/libstdc++.a(cow-stdexcept.o)
                0x0000000000007b10                std::logic_error::logic_error(char const*)
                0x0000000000007b10                std::logic_error::logic_error(char const*)
 .text._ZNSt12length_errorC2EPKc
                0x0000000000007c00       0x30 /opt/devkitpro/devkitA64/bin/../lib/gcc/aarch64-none-elf/11.2.0/../../../../aarch64-none-elf/lib/pic/libstdc++.a(cow-stdexcept.o)
                0x0000000000007c00                std::length_error::length_error(char const*)
                0x0000000000007c00                std::length_error::length_error(char const*)
 .text._ZNSt12out_of_rangeC2EPKc
                0x0000000000007c30       0x30 /opt/devkitpro/devkitA64/bin/../lib/gcc/aarch64-none-elf/11.2.0/../../../../aarch64-none-elf/lib/pic/libstdc++.a(cow-stdexcept.o)
                0x0000000000007c30                std::out_of_range::out_of_range(char const*)
                0x0000000000007c30                std::out_of_range::out_of_range(char const*)
 .text._ZNSs4_Rep9_S_createEmmRKSaIcE
                0x0000000000007c60       0xa8 /opt/devkitpro/devkitA64/bin/../lib/gcc/aarch64-none-elf/11.2.0/../../../../aarch64-none-elf/lib/pic/libstdc++.a(cow-string-inst.o)
                0x0000000000007c60                std::string::_Rep::_S_create(unsigned long, unsigned long, std::allocator<char> const&)
 *fill*         0x0000000000007d08        0x8 
 .text._ZNSs4_Rep10_M_destroyERKSaIcE
                0x0000000000007d10        0x4 /opt/devkitpro/devkitA64/bin/../lib/gcc/aarch64-none-elf/11.2.0/../../../../aarch64-none-elf/lib/pic/libstdc++.a(cow-string-inst.o)
                0x0000000000007d10                std::string::_Rep::_M_destroy(std::allocator<char> const&)
 *fill*         0x0000000000007d14        0xc 
 .text.__cxa_call_terminate
                0x0000000000007d20       0x44 /opt/devkitpro/devkitA64/bin/../lib/gcc/aarch64-none-elf/11.2.0/../../../../aarch64-none-elf/lib/pic/libstdc++.a(eh_call.o)
                0x0000000000007d20                __cxa_call_terminate
                0x0000000000007d64                __text_end__ = .

.plt            0x0000000000007d64      0x430
 *(.plt .plt.*)
 .plt           0x0000000000007d64      0x430 /opt/devkitpro/devkitA64/bin/../lib/gcc/aarch64-none-elf/11.2.0/pic/crti.o
                0x0000000000008194                __code_end__ = .
                0x0000000000009000                . = ALIGN (0x1000)

.module_name
 *(.rodata.module_name)
                0x0000000000009000                . = ALIGN (0x8)

.rodata         0x0000000000009000      0x7c0
 *(.rodata .rodata.*)
 .rodata.str1.8
                0x0000000000009000      0x3f0 main_patch.o
 .rodata        0x00000000000093f0        0xd main_patch.o
 *fill*         0x00000000000093fd        0x3 
 .rodata.str1.8
                0x0000000000009400       0x26 cpputils.o
                                         0x56 (size before relaxing)
 *fill*         0x0000000000009426        0x2 
 .rodata.str1.8
                0x0000000000009428        0x8 ipc.o
 .rodata.mod0   0x0000000000009430       0x1c crt0.o
                0x0000000000009430                __nx_mod0
 *fill*         0x000000000000944c        0x4 
 .rodata._ZNK9__gnu_cxx24__concurrence_lock_error4whatEv.str1.8
                0x0000000000009450       0x24 /opt/devkitpro/devkitA64/bin/../lib/gcc/aarch64-none-elf/11.2.0/../../../../aarch64-none-elf/lib/pic/libstdc++.a(guard.o)
 *fill*         0x0000000000009474        0x4 
 .rodata._ZNK9__gnu_cxx26__concurrence_unlock_error4whatEv.str1.8
                0x0000000000009478       0x26 /opt/devkitpro/devkitA64/bin/../lib/gcc/aarch64-none-elf/11.2.0/../../../../aarch64-none-elf/lib/pic/libstdc++.a(guard.o)
 *fill*         0x000000000000949e        0x2 
 .rodata._ZNK9__gnu_cxx29__concurrence_broadcast_error4whatEv.str1.8
                0x00000000000094a0       0x29 /opt/devkitpro/devkitA64/bin/../lib/gcc/aarch64-none-elf/11.2.0/../../../../aarch64-none-elf/lib/pic/libstdc++.a(guard.o)
 *fill*         0x00000000000094c9        0x7 
 .rodata._ZNK9__gnu_cxx24__concurrence_wait_error4whatEv.str1.8
                0x00000000000094d0       0x24 /opt/devkitpro/devkitA64/bin/../lib/gcc/aarch64-none-elf/11.2.0/../../../../aarch64-none-elf/lib/pic/libstdc++.a(guard.o)
 *fill*         0x00000000000094f4        0x4 
 .rodata._ZTSN9__gnu_cxx24__concurrence_lock_errorE
                0x00000000000094f8       0x27 /opt/devkitpro/devkitA64/bin/../lib/gcc/aarch64-none-elf/11.2.0/../../../../aarch64-none-elf/lib/pic/libstdc++.a(guard.o)
                0x00000000000094f8                typeinfo name for __gnu_cxx::__concurrence_lock_error
 *fill*         0x000000000000951f        0x1 
 .rodata._ZTSN9__gnu_cxx26__concurrence_unlock_errorE
                0x0000000000009520       0x29 /opt/devkitpro/devkitA64/bin/../lib/gcc/aarch64-none-elf/11.2.0/../../../../aarch64-none-elf/lib/pic/libstdc++.a(guard.o)
                0x0000000000009520                typeinfo name for __gnu_cxx::__concurrence_unlock_error
 *fill*         0x0000000000009549        0x7 
 .rodata._ZTSN9__gnu_cxx29__concurrence_broadcast_errorE
                0x0000000000009550       0x2c /opt/devkitpro/devkitA64/bin/../lib/gcc/aarch64-none-elf/11.2.0/../../../../aarch64-none-elf/lib/pic/libstdc++.a(guard.o)
                0x0000000000009550                typeinfo name for __gnu_cxx::__concurrence_broadcast_error
 *fill*         0x000000000000957c        0x4 
 .rodata._ZTSN9__gnu_cxx24__concurrence_wait_errorE
                0x0000000000009580       0x27 /opt/devkitpro/devkitA64/bin/../lib/gcc/aarch64-none-elf/11.2.0/../../../../aarch64-none-elf/lib/pic/libstdc++.a(guard.o)
                0x0000000000009580                typeinfo name for __gnu_cxx::__concurrence_wait_error
 *fill*         0x00000000000095a7        0x1 
 .rodata._ZTSN10__cxxabiv120__si_class_type_infoE
                0x00000000000095a8       0x25 /opt/devkitpro/devkitA64/bin/../lib/gcc/aarch64-none-elf/11.2.0/../../../../aarch64-none-elf/lib/pic/libstdc++.a(si_class_type_info.o)
                0x00000000000095a8                typeinfo name for __cxxabiv1::__si_class_type_info
 *fill*         0x00000000000095cd        0x3 
 .rodata._ZTSSt9type_info
                0x00000000000095d0        0xd /opt/devkitpro/devkitA64/bin/../lib/gcc/aarch64-none-elf/11.2.0/../../../../aarch64-none-elf/lib/pic/libstdc++.a(tinfo.o)
                0x00000000000095d0                typeinfo name for std::type_info
 *fill*         0x00000000000095dd        0x3 
 .rodata._ZN9__gnu_cxx26__throw_insufficient_spaceEPKcS1_.str1.8
                0x00000000000095e0       0x69 /opt/devkitpro/devkitA64/bin/../lib/gcc/aarch64-none-elf/11.2.0/../../../../aarch64-none-elf/lib/pic/libstdc++.a(snprintf_lite.o)
 *fill*         0x0000000000009649        0x7 
 .rodata._ZN9__gnu_cxx15__concat_size_tEPcmm.str1.8
                0x0000000000009650        0xb /opt/devkitpro/devkitA64/bin/../lib/gcc/aarch64-none-elf/11.2.0/../../../../aarch64-none-elf/lib/pic/libstdc++.a(snprintf_lite.o)
 *fill*         0x000000000000965b        0x5 
 .rodata._ZNSt7__cxx1112basic_stringIcSt11char_traitsIcESaIcEE9_M_createERmm.str1.8
                0x0000000000009660       0x18 /opt/devkitpro/devkitA64/bin/../lib/gcc/aarch64-none-elf/11.2.0/../../../../aarch64-none-elf/lib/pic/libstdc++.a(string-inst.o)
 .rodata._ZNSt7__cxx1112basic_stringIcSt11char_traitsIcESaIcEE10_M_replaceEmmPKcm.str1.8
                0x0000000000009678       0x19 /opt/devkitpro/devkitA64/bin/../lib/gcc/aarch64-none-elf/11.2.0/../../../../aarch64-none-elf/lib/pic/libstdc++.a(string-inst.o)
 *fill*         0x0000000000009691        0x7 
 .rodata._ZNKSt9bad_alloc4whatEv.str1.8
                0x0000000000009698        0xf /opt/devkitpro/devkitA64/bin/../lib/gcc/aarch64-none-elf/11.2.0/../../../../aarch64-none-elf/lib/pic/libstdc++.a(bad_alloc.o)
 *fill*         0x00000000000096a7        0x1 
 .rodata._ZTSSt9bad_alloc
                0x00000000000096a8        0xd /opt/devkitpro/devkitA64/bin/../lib/gcc/aarch64-none-elf/11.2.0/../../../../aarch64-none-elf/lib/pic/libstdc++.a(bad_alloc.o)
                0x00000000000096a8                typeinfo name for std::bad_alloc
 *fill*         0x00000000000096b5        0x3 
 .rodata._ZTSN10__cxxabiv117__class_type_infoE
                0x00000000000096b8       0x22 /opt/devkitpro/devkitA64/bin/../lib/gcc/aarch64-none-elf/11.2.0/../../../../aarch64-none-elf/lib/pic/libstdc++.a(class_type_info.o)
                0x00000000000096b8                typeinfo name for __cxxabiv1::__class_type_info
 *fill*         0x00000000000096da        0x6 
 .rodata._ZTSSt9exception
                0x00000000000096e0        0xd /opt/devkitpro/devkitA64/bin/../lib/gcc/aarch64-none-elf/11.2.0/../../../../aarch64-none-elf/lib/pic/libstdc++.a(eh_exception.o)
                0x00000000000096e0                typeinfo name for std::exception
 *fill*         0x00000000000096ed        0x3 
 .rodata._ZTSN10__cxxabiv115__forced_unwindE
                0x00000000000096f0       0x20 /opt/devkitpro/devkitA64/bin/../lib/gcc/aarch64-none-elf/11.2.0/../../../../aarch64-none-elf/lib/pic/libstdc++.a(eh_exception.o)
                0x00000000000096f0                typeinfo name for __cxxabiv1::__forced_unwind
 .rodata._ZTSN10__cxxabiv119__foreign_exceptionE
                0x0000000000009710       0x24 /opt/devkitpro/devkitA64/bin/../lib/gcc/aarch64-none-elf/11.2.0/../../../../aarch64-none-elf/lib/pic/libstdc++.a(eh_exception.o)
                0x0000000000009710                typeinfo name for __cxxabiv1::__foreign_exception
 *fill*         0x0000000000009734        0x4 
 .rodata._ZTSSt11logic_error
                0x0000000000009738       0x10 /opt/devkitpro/devkitA64/bin/../lib/gcc/aarch64-none-elf/11.2.0/../../../../aarch64-none-elf/lib/pic/libstdc++.a(stdexcept.o)
                0x0000000000009738                typeinfo name for std::logic_error
 .rodata._ZTSSt12length_error
                0x0000000000009748       0x11 /opt/devkitpro/devkitA64/bin/../lib/gcc/aarch64-none-elf/11.2.0/../../../../aarch64-none-elf/lib/pic/libstdc++.a(stdexcept.o)
                0x0000000000009748                typeinfo name for std::length_error
 *fill*         0x0000000000009759        0x7 
 .rodata._ZTSSt12out_of_range
                0x0000000000009760       0x11 /opt/devkitpro/devkitA64/bin/../lib/gcc/aarch64-none-elf/11.2.0/../../../../aarch64-none-elf/lib/pic/libstdc++.a(stdexcept.o)
                0x0000000000009760                typeinfo name for std::out_of_range
 *fill*         0x0000000000009771        0x7 
 .rodata._ZNSt11logic_errorC2EPKc.str1.8
                0x0000000000009778       0x2a /opt/devkitpro/devkitA64/bin/../lib/gcc/aarch64-none-elf/11.2.0/../../../../aarch64-none-elf/lib/pic/libstdc++.a(cow-stdexcept.o)
 *fill*         0x00000000000097a2        0x6 
 .rodata._ZNSs4_Rep9_S_createEmmRKSaIcE.str1.8
                0x00000000000097a8       0x18 /opt/devkitpro/devkitA64/bin/../lib/gcc/aarch64-none-elf/11.2.0/../../../../aarch64-none-elf/lib/pic/libstdc++.a(cow-string-inst.o)

.gnu.version_d  0x00000000000097c0        0x0
 .gnu.version_d
                0x00000000000097c0        0x0 /opt/devkitpro/devkitA64/bin/../lib/gcc/aarch64-none-elf/11.2.0/pic/crti.o

.gnu.version    0x00000000000097c0        0x0
 .gnu.version   0x00000000000097c0        0x0 /opt/devkitpro/devkitA64/bin/../lib/gcc/aarch64-none-elf/11.2.0/pic/crti.o

.gnu.version_r  0x00000000000097c0        0x0
 .gnu.version_r
                0x00000000000097c0        0x0 /opt/devkitpro/devkitA64/bin/../lib/gcc/aarch64-none-elf/11.2.0/pic/crti.o

.hash           0x00000000000097c0      0x23c
 *(.hash)
 .hash          0x00000000000097c0      0x23c /opt/devkitpro/devkitA64/bin/../lib/gcc/aarch64-none-elf/11.2.0/pic/crti.o

.gnu.hash
 *(.gnu.hash)

.dynsym         0x0000000000009a00      0x6f0
 *(.dynsym .dynsym.*)
 .dynsym        0x0000000000009a00      0x6f0 /opt/devkitpro/devkitA64/bin/../lib/gcc/aarch64-none-elf/11.2.0/pic/crti.o

.dynstr         0x000000000000a0f0      0x71a
 *(.dynstr .dynstr.*)
 .dynstr        0x000000000000a0f0      0x71a /opt/devkitpro/devkitA64/bin/../lib/gcc/aarch64-none-elf/11.2.0/pic/crti.o
                0x000000000000a80a                __rel_dyn_start__ = .

.rel.dyn
 *(.rel.dyn)
                0x000000000000a80a                __rel_dyn_end__ = .
                0x000000000000a80a                __rela_dyn_start__ = .

.rela.dyn       0x000000000000a810     0x1338
 *(.rela.dyn)
 .rela.got      0x000000000000a810      0x9a8 /opt/devkitpro/devkitA64/bin/../lib/gcc/aarch64-none-elf/11.2.0/pic/crti.o
 .rela.init_array
                0x000000000000b1b8       0x78 /opt/devkitpro/devkitA64/bin/../lib/gcc/aarch64-none-elf/11.2.0/pic/crti.o
 .rela.fini_array
                0x000000000000b230       0x60 /opt/devkitpro/devkitA64/bin/../lib/gcc/aarch64-none-elf/11.2.0/pic/crti.o
 .rela.ifunc    0x000000000000b290        0x0 /opt/devkitpro/devkitA64/bin/../lib/gcc/aarch64-none-elf/11.2.0/pic/crti.o
 .rela.data.rel.ro._ZTIN9__gnu_cxx24__concurrence_lock_errorE
                0x000000000000b290       0x48 /opt/devkitpro/devkitA64/bin/../lib/gcc/aarch64-none-elf/11.2.0/pic/crti.o
 .rela.data.rel.ro._ZTIN9__gnu_cxx26__concurrence_unlock_errorE
                0x000000000000b2d8       0x48 /opt/devkitpro/devkitA64/bin/../lib/gcc/aarch64-none-elf/11.2.0/pic/crti.o
 .rela.data.rel.ro._ZTIN9__gnu_cxx29__concurrence_broadcast_errorE
                0x000000000000b320       0x48 /opt/devkitpro/devkitA64/bin/../lib/gcc/aarch64-none-elf/11.2.0/pic/crti.o
 .rela.data.rel.ro._ZTIN9__gnu_cxx24__concurrence_wait_errorE
                0x000000000000b368       0x48 /opt/devkitpro/devkitA64/bin/../lib/gcc/aarch64-none-elf/11.2.0/pic/crti.o
 .rela.data.rel.ro._ZTVN9__gnu_cxx24__concurrence_lock_errorE
                0x000000000000b3b0       0x60 /opt/devkitpro/devkitA64/bin/../lib/gcc/aarch64-none-elf/11.2.0/pic/crti.o
 .rela.data.rel.ro._ZTVN9__gnu_cxx26__concurrence_unlock_errorE
                0x000000000000b410       0x60 /opt/devkitpro/devkitA64/bin/../lib/gcc/aarch64-none-elf/11.2.0/pic/crti.o
 .rela.data.rel.ro._ZTVN9__gnu_cxx29__concurrence_broadcast_errorE
                0x000000000000b470       0x60 /opt/devkitpro/devkitA64/bin/../lib/gcc/aarch64-none-elf/11.2.0/pic/crti.o
 .rela.data.rel.ro._ZTVN9__gnu_cxx24__concurrence_wait_errorE
                0x000000000000b4d0       0x60 /opt/devkitpro/devkitA64/bin/../lib/gcc/aarch64-none-elf/11.2.0/pic/crti.o
 .rela.data.rel.local.DW.ref.__gxx_personality_v0
                0x000000000000b530       0x18 /opt/devkitpro/devkitA64/bin/../lib/gcc/aarch64-none-elf/11.2.0/pic/crti.o
 .rela.data.rel.ro._ZTIN10__cxxabiv120__si_class_type_infoE
                0x000000000000b548       0x48 /opt/devkitpro/devkitA64/bin/../lib/gcc/aarch64-none-elf/11.2.0/pic/crti.o
 .rela.data.rel.ro._ZTVN10__cxxabiv120__si_class_type_infoE
                0x000000000000b590       0xf0 /opt/devkitpro/devkitA64/bin/../lib/gcc/aarch64-none-elf/11.2.0/pic/crti.o
 .rela.data.rel.ro._ZTISt9type_info
                0x000000000000b680       0x30 /opt/devkitpro/devkitA64/bin/../lib/gcc/aarch64-none-elf/11.2.0/pic/crti.o
 .rela.data.rel.ro._ZTISt9bad_alloc
                0x000000000000b6b0       0x48 /opt/devkitpro/devkitA64/bin/../lib/gcc/aarch64-none-elf/11.2.0/pic/crti.o
 .rela.data.rel.ro._ZTVSt9bad_alloc
                0x000000000000b6f8       0x60 /opt/devkitpro/devkitA64/bin/../lib/gcc/aarch64-none-elf/11.2.0/pic/crti.o
 .rela.data.rel.ro._ZTIN10__cxxabiv117__class_type_infoE
                0x000000000000b758       0x48 /opt/devkitpro/devkitA64/bin/../lib/gcc/aarch64-none-elf/11.2.0/pic/crti.o
 .rela.data.rel.ro._ZTVN10__cxxabiv117__class_type_infoE
                0x000000000000b7a0       0xf0 /opt/devkitpro/devkitA64/bin/../lib/gcc/aarch64-none-elf/11.2.0/pic/crti.o
 .rela.data.rel.ro._ZTISt9exception
                0x000000000000b890       0x30 /opt/devkitpro/devkitA64/bin/../lib/gcc/aarch64-none-elf/11.2.0/pic/crti.o
 .rela.data.rel.ro._ZTIN10__cxxabiv115__forced_unwindE
                0x000000000000b8c0       0x30 /opt/devkitpro/devkitA64/bin/../lib/gcc/aarch64-none-elf/11.2.0/pic/crti.o
 .rela.data.rel.ro._ZTIN10__cxxabiv119__foreign_exceptionE
                0x000000000000b8f0       0x30 /opt/devkitpro/devkitA64/bin/../lib/gcc/aarch64-none-elf/11.2.0/pic/crti.o
 .rela.data.rel._ZN10__cxxabiv120__unexpected_handlerE
                0x000000000000b920       0x18 /opt/devkitpro/devkitA64/bin/../lib/gcc/aarch64-none-elf/11.2.0/pic/crti.o
 .rela.data.rel.ro._ZTISt11logic_error
                0x000000000000b938       0x48 /opt/devkitpro/devkitA64/bin/../lib/gcc/aarch64-none-elf/11.2.0/pic/crti.o
 .rela.data.rel.ro._ZTISt12length_error
                0x000000000000b980       0x48 /opt/devkitpro/devkitA64/bin/../lib/gcc/aarch64-none-elf/11.2.0/pic/crti.o
 .rela.data.rel.ro._ZTISt12out_of_range
                0x000000000000b9c8       0x48 /opt/devkitpro/devkitA64/bin/../lib/gcc/aarch64-none-elf/11.2.0/pic/crti.o
 .rela.data.rel.ro._ZTVSt11logic_error
                0x000000000000ba10       0x60 /opt/devkitpro/devkitA64/bin/../lib/gcc/aarch64-none-elf/11.2.0/pic/crti.o
 .rela.data.rel.ro._ZTVSt12length_error
                0x000000000000ba70       0x60 /opt/devkitpro/devkitA64/bin/../lib/gcc/aarch64-none-elf/11.2.0/pic/crti.o
 .rela.data.rel.ro._ZTVSt12out_of_range
                0x000000000000bad0       0x60 /opt/devkitpro/devkitA64/bin/../lib/gcc/aarch64-none-elf/11.2.0/pic/crti.o
 .rela.data.rel._ZN10__cxxabiv119__terminate_handlerE
                0x000000000000bb30       0x18 /opt/devkitpro/devkitA64/bin/../lib/gcc/aarch64-none-elf/11.2.0/pic/crti.o
                0x000000000000bb48                __rela_dyn_end__ = .
                0x000000000000bb48                __rel_plt_start__ = .

.rel.plt
 *(.rel.plt)
                0x000000000000bb48                __rel_plt_end__ = .
                0x000000000000bb48                __rela_plt_start__ = .

.rela.plt       0x000000000000bb48      0x618
 *(.rela.plt)
 .rela.plt      0x000000000000bb48      0x618 /opt/devkitpro/devkitA64/bin/../lib/gcc/aarch64-none-elf/11.2.0/pic/crti.o
                0x000000000000c160                __rela_plt_end__ = .

.gcc_except_table
                0x000000000000c160       0xb3
 *(.gcc_except_table .gcc_except_table.*)
 .gcc_except_table.__cxa_guard_acquire
                0x000000000000c160       0x1e /opt/devkitpro/devkitA64/bin/../lib/gcc/aarch64-none-elf/11.2.0/../../../../aarch64-none-elf/lib/pic/libstdc++.a(guard.o)
 .gcc_except_table.__cxa_guard_release
                0x000000000000c17e        0x4 /opt/devkitpro/devkitA64/bin/../lib/gcc/aarch64-none-elf/11.2.0/../../../../aarch64-none-elf/lib/pic/libstdc++.a(guard.o)
 .gcc_except_table._ZSt19__throw_logic_errorPKc
                0x000000000000c182        0xc /opt/devkitpro/devkitA64/bin/../lib/gcc/aarch64-none-elf/11.2.0/../../../../aarch64-none-elf/lib/pic/libstdc++.a(functexcept.o)
 .gcc_except_table._ZSt20__throw_length_errorPKc
                0x000000000000c18e        0xc /opt/devkitpro/devkitA64/bin/../lib/gcc/aarch64-none-elf/11.2.0/../../../../aarch64-none-elf/lib/pic/libstdc++.a(functexcept.o)
 .gcc_except_table._ZSt24__throw_out_of_range_fmtPKcz
                0x000000000000c19a       0x14 /opt/devkitpro/devkitA64/bin/../lib/gcc/aarch64-none-elf/11.2.0/../../../../aarch64-none-elf/lib/pic/libstdc++.a(functexcept.o)
 .gcc_except_table._ZN12_GLOBAL__N_14pool4freeEPv.constprop.0
                0x000000000000c1ae        0xd /opt/devkitpro/devkitA64/bin/../lib/gcc/aarch64-none-elf/11.2.0/../../../../aarch64-none-elf/lib/pic/libstdc++.a(eh_alloc.o)
 .gcc_except_table._ZN12_GLOBAL__N_14pool8allocateEm.constprop.0
                0x000000000000c1bb        0xd /opt/devkitpro/devkitA64/bin/../lib/gcc/aarch64-none-elf/11.2.0/../../../../aarch64-none-elf/lib/pic/libstdc++.a(eh_alloc.o)
 .gcc_except_table.__cxa_allocate_exception
                0x000000000000c1c8        0x4 /opt/devkitpro/devkitA64/bin/../lib/gcc/aarch64-none-elf/11.2.0/../../../../aarch64-none-elf/lib/pic/libstdc++.a(eh_alloc.o)
 .gcc_except_table.__cxa_free_exception
                0x000000000000c1cc        0x4 /opt/devkitpro/devkitA64/bin/../lib/gcc/aarch64-none-elf/11.2.0/../../../../aarch64-none-elf/lib/pic/libstdc++.a(eh_alloc.o)
 .gcc_except_table.__cxa_get_globals
                0x000000000000c1d0        0x4 /opt/devkitpro/devkitA64/bin/../lib/gcc/aarch64-none-elf/11.2.0/../../../../aarch64-none-elf/lib/pic/libstdc++.a(eh_globals.o)
 .gcc_except_table._GLOBAL__sub_D_eh_globals.cc
                0x000000000000c1d4        0x4 /opt/devkitpro/devkitA64/bin/../lib/gcc/aarch64-none-elf/11.2.0/../../../../aarch64-none-elf/lib/pic/libstdc++.a(eh_globals.o)
 .gcc_except_table.__gxx_personality_v0
                0x000000000000c1d8       0x1c /opt/devkitpro/devkitA64/bin/../lib/gcc/aarch64-none-elf/11.2.0/../../../../aarch64-none-elf/lib/pic/libstdc++.a(eh_personality.o)
 .gcc_except_table._ZN10__cxxabiv111__terminateEPFvvE
                0x000000000000c1f4       0x10 /opt/devkitpro/devkitA64/bin/../lib/gcc/aarch64-none-elf/11.2.0/../../../../aarch64-none-elf/lib/pic/libstdc++.a(eh_terminate.o)
 .gcc_except_table._ZNSt11logic_errorC2EPKc
                0x000000000000c204        0xf /opt/devkitpro/devkitA64/bin/../lib/gcc/aarch64-none-elf/11.2.0/../../../../aarch64-none-elf/lib/pic/libstdc++.a(cow-stdexcept.o)

.eh_frame_hdr   0x000000000000c213        0x0
                0x000000000000c213                __eh_frame_hdr_start__ = .
 *(.eh_frame_hdr)
                0x000000000000c213                __eh_frame_hdr_end__ = .

.eh_frame       0x000000000000c218     0x13a8
 *(.eh_frame)
 .eh_frame      0x000000000000c218       0x50 /opt/devkitpro/devkitA64/bin/../lib/gcc/aarch64-none-elf/11.2.0/pic/crtbegin.o
 .eh_frame      0x000000000000c268       0x48 crti.o
                                         0x60 (size before relaxing)
 .eh_frame      0x000000000000c2b0        0x0 cxa.o
                                         0x28 (size before relaxing)
 .eh_frame      0x000000000000c2b0       0xd8 utils.o
                                        0x130 (size before relaxing)
 .eh_frame      0x000000000000c388        0x0 sessionmgr.o
                                        0x130 (size before relaxing)
 .eh_frame      0x000000000000c388        0x0 hosversion.o
                                         0x40 (size before relaxing)
 .eh_frame      0x000000000000c388       0x40 env.o
                                        0x1f0 (size before relaxing)
 .eh_frame      0x000000000000c3c8       0x80 detect.o
                                         0xd8 (size before relaxing)
 .eh_frame      0x000000000000c448        0x0 shmem.o
                                         0xc8 (size before relaxing)
 .eh_frame      0x000000000000c448       0x88 jit.o
                                         0xf8 (size before relaxing)
 .eh_frame      0x000000000000c4d0       0x28 mutex.o
                                         0x90 (size before relaxing)
 .eh_frame      0x000000000000c4f8       0xb0 virtmem.o
                                        0x110 (size before relaxing)
 .eh_frame      0x000000000000c5a8        0x0 condvar.o
                                         0x48 (size before relaxing)
 .eh_frame      0x000000000000c5a8        0x0 thread.o
                                        0x108 (size before relaxing)
 .eh_frame      0x000000000000c5a8       0x28 armutils.o
                                         0x40 (size before relaxing)
 .eh_frame      0x000000000000c5d0       0x28 cache.o
                                         0x68 (size before relaxing)
 .eh_frame      0x000000000000c5f8       0xf0 svc.o
                                        0x7e8 (size before relaxing)
 .eh_frame      0x000000000000c6e8       0x18 /opt/devkitpro/devkitA64/bin/../lib/gcc/aarch64-none-elf/11.2.0/../../../../aarch64-none-elf/lib/pic/libstdc++.a(del_ops.o)
                                         0x28 (size before relaxing)
 .eh_frame      0x000000000000c700        0x0 /opt/devkitpro/devkitA64/bin/../lib/gcc/aarch64-none-elf/11.2.0/../../../../aarch64-none-elf/lib/pic/libstdc++.a(del_opv.o)
                                         0x28 (size before relaxing)
 .eh_frame      0x000000000000c700      0x240 /opt/devkitpro/devkitA64/bin/../lib/gcc/aarch64-none-elf/11.2.0/../../../../aarch64-none-elf/lib/pic/libstdc++.a(guard.o)
                                        0x280 (size before relaxing)
 .eh_frame      0x000000000000c940       0x28 /opt/devkitpro/devkitA64/bin/../lib/gcc/aarch64-none-elf/11.2.0/../../../../aarch64-none-elf/lib/pic/libstdc++.a(new_op.o)
                                         0x38 (size before relaxing)
 .eh_frame      0x000000000000c968        0x0 /opt/devkitpro/devkitA64/bin/../lib/gcc/aarch64-none-elf/11.2.0/../../../../aarch64-none-elf/lib/pic/libstdc++.a(new_opv.o)
                                         0x28 (size before relaxing)
 .eh_frame      0x000000000000c968       0xf8 /opt/devkitpro/devkitA64/bin/../lib/gcc/aarch64-none-elf/11.2.0/../../../../aarch64-none-elf/lib/pic/libstdc++.a(si_class_type_info.o)
                                        0x108 (size before relaxing)
 .eh_frame      0x000000000000ca60       0x28 /opt/devkitpro/devkitA64/bin/../lib/gcc/aarch64-none-elf/11.2.0/../../../../aarch64-none-elf/lib/pic/libstdc++.a(tinfo.o)
                                         0x98 (size before relaxing)
 .eh_frame      0x000000000000ca88       0x80 /opt/devkitpro/devkitA64/bin/../lib/gcc/aarch64-none-elf/11.2.0/../../../../aarch64-none-elf/lib/pic/libstdc++.a(functexcept.o)
                                        0x1f0 (size before relaxing)
 .eh_frame      0x000000000000cb08        0x0 /opt/devkitpro/devkitA64/bin/../lib/gcc/aarch64-none-elf/11.2.0/../../../../aarch64-none-elf/lib/pic/libstdc++.a(functional.o)
                                         0x78 (size before relaxing)
 .eh_frame      0x000000000000cb08        0x0 /opt/devkitpro/devkitA64/bin/../lib/gcc/aarch64-none-elf/11.2.0/../../../../aarch64-none-elf/lib/pic/libstdc++.a(shared_ptr.o)
                                        0x218 (size before relaxing)
 .eh_frame      0x000000000000cb08       0x88 /opt/devkitpro/devkitA64/bin/../lib/gcc/aarch64-none-elf/11.2.0/../../../../aarch64-none-elf/lib/pic/libstdc++.a(snprintf_lite.o)
                                         0xa0 (size before relaxing)
 .eh_frame      0x000000000000cb90      0x248 /opt/devkitpro/devkitA64/bin/../lib/gcc/aarch64-none-elf/11.2.0/../../../../aarch64-none-elf/lib/pic/libstdc++.a(string-inst.o)
                                       0x16b0 (size before relaxing)
 .eh_frame      0x000000000000cdd8       0x50 /opt/devkitpro/devkitA64/bin/../lib/gcc/aarch64-none-elf/11.2.0/../../../../aarch64-none-elf/lib/pic/libstdc++.a(bad_alloc.o)
                                         0x60 (size before relaxing)
 .eh_frame      0x000000000000ce28        0x0 /opt/devkitpro/devkitA64/bin/../lib/gcc/aarch64-none-elf/11.2.0/../../../../aarch64-none-elf/lib/pic/libstdc++.a(bad_array_new.o)
                                         0x60 (size before relaxing)
 .eh_frame      0x000000000000ce28        0x0 /opt/devkitpro/devkitA64/bin/../lib/gcc/aarch64-none-elf/11.2.0/../../../../aarch64-none-elf/lib/pic/libstdc++.a(bad_cast.o)
                                         0x60 (size before relaxing)
 .eh_frame      0x000000000000ce28        0x0 /opt/devkitpro/devkitA64/bin/../lib/gcc/aarch64-none-elf/11.2.0/../../../../aarch64-none-elf/lib/pic/libstdc++.a(bad_typeid.o)
                                         0x60 (size before relaxing)
 .eh_frame      0x000000000000ce28      0x138 /opt/devkitpro/devkitA64/bin/../lib/gcc/aarch64-none-elf/11.2.0/../../../../aarch64-none-elf/lib/pic/libstdc++.a(class_type_info.o)
                                        0x148 (size before relaxing)
 .eh_frame      0x000000000000cf60       0x18 /opt/devkitpro/devkitA64/bin/../lib/gcc/aarch64-none-elf/11.2.0/../../../../aarch64-none-elf/lib/pic/libstdc++.a(del_op.o)
                                         0x28 (size before relaxing)
 .eh_frame      0x000000000000cf78       0xd8 /opt/devkitpro/devkitA64/bin/../lib/gcc/aarch64-none-elf/11.2.0/../../../../aarch64-none-elf/lib/pic/libstdc++.a(eh_alloc.o)
                                        0x238 (size before relaxing)
 .eh_frame      0x000000000000d050       0x30 /opt/devkitpro/devkitA64/bin/../lib/gcc/aarch64-none-elf/11.2.0/../../../../aarch64-none-elf/lib/pic/libstdc++.a(eh_catch.o)
                                         0xc8 (size before relaxing)
 .eh_frame      0x000000000000d080       0x18 /opt/devkitpro/devkitA64/bin/../lib/gcc/aarch64-none-elf/11.2.0/../../../../aarch64-none-elf/lib/pic/libstdc++.a(eh_exception.o)
                                        0x170 (size before relaxing)
 .eh_frame      0x000000000000d098       0x98 /opt/devkitpro/devkitA64/bin/../lib/gcc/aarch64-none-elf/11.2.0/../../../../aarch64-none-elf/lib/pic/libstdc++.a(eh_globals.o)
                                         0xf0 (size before relaxing)
 .eh_frame      0x000000000000d130      0x1b0 /opt/devkitpro/devkitA64/bin/../lib/gcc/aarch64-none-elf/11.2.0/../../../../aarch64-none-elf/lib/pic/libstdc++.a(eh_personality.o)
                                        0x208 (size before relaxing)
 .eh_frame      0x000000000000d2e0       0x90 /opt/devkitpro/devkitA64/bin/../lib/gcc/aarch64-none-elf/11.2.0/../../../../aarch64-none-elf/lib/pic/libstdc++.a(eh_terminate.o)
                                         0xe8 (size before relaxing)
 .eh_frame      0x000000000000d370       0x78 /opt/devkitpro/devkitA64/bin/../lib/gcc/aarch64-none-elf/11.2.0/../../../../aarch64-none-elf/lib/pic/libstdc++.a(eh_throw.o)
                                         0xa8 (size before relaxing)
 .eh_frame      0x000000000000d3e8        0x0 /opt/devkitpro/devkitA64/bin/../lib/gcc/aarch64-none-elf/11.2.0/../../../../aarch64-none-elf/lib/pic/libstdc++.a(hash_bytes.o)
                                         0x40 (size before relaxing)
 .eh_frame      0x000000000000d3e8       0x18 /opt/devkitpro/devkitA64/bin/../lib/gcc/aarch64-none-elf/11.2.0/../../../../aarch64-none-elf/lib/pic/libstdc++.a(new_handler.o)
                                         0x40 (size before relaxing)
 .eh_frame      0x000000000000d400       0xd0 /opt/devkitpro/devkitA64/bin/../lib/gcc/aarch64-none-elf/11.2.0/../../../../aarch64-none-elf/lib/pic/libstdc++.a(stdexcept.o)
                                        0x3c0 (size before relaxing)
 .eh_frame      0x000000000000d4d0       0x88 /opt/devkitpro/devkitA64/bin/../lib/gcc/aarch64-none-elf/11.2.0/../../../../aarch64-none-elf/lib/pic/libstdc++.a(cow-stdexcept.o)
                                        0xb58 (size before relaxing)
 .eh_frame      0x000000000000d558       0x48 /opt/devkitpro/devkitA64/bin/../lib/gcc/aarch64-none-elf/11.2.0/../../../../aarch64-none-elf/lib/pic/libstdc++.a(cow-string-inst.o)
                                       0x1748 (size before relaxing)
 .eh_frame      0x000000000000d5a0        0x0 /opt/devkitpro/devkitA64/bin/../lib/gcc/aarch64-none-elf/11.2.0/../../../../aarch64-none-elf/lib/pic/libstdc++.a(random.o)
                                        0x1c8 (size before relaxing)
 .eh_frame      0x000000000000d5a0        0x0 /opt/devkitpro/devkitA64/bin/../lib/gcc/aarch64-none-elf/11.2.0/../../../../aarch64-none-elf/lib/pic/libstdc++.a(sso_string.o)
                                        0x1a0 (size before relaxing)
 .eh_frame      0x000000000000d5a0       0x1c /opt/devkitpro/devkitA64/bin/../lib/gcc/aarch64-none-elf/11.2.0/../../../../aarch64-none-elf/lib/pic/libstdc++.a(eh_call.o)
                                         0x30 (size before relaxing)
 .eh_frame      0x000000000000d5bc        0x4 /opt/devkitpro/devkitA64/bin/../lib/gcc/aarch64-none-elf/11.2.0/pic/crtend.o

.note.gnu.build-id
                0x000000000000d5c0       0x24
 *(.note.gnu.build-id)
 .note.gnu.build-id
                0x000000000000d5c0       0x24 /opt/devkitpro/devkitA64/bin/../lib/gcc/aarch64-none-elf/11.2.0/pic/crti.o
                0x000000000000e000                . = ALIGN (0x1000)

.data           0x000000000000e000      0x360
 *(.data .data.*)
 .data.rel.ro   0x000000000000e000        0x0 /opt/devkitpro/devkitA64/bin/../lib/gcc/aarch64-none-elf/11.2.0/pic/crti.o
 .data          0x000000000000e000       0x20 main_patch.o
                0x000000000000e000                options_count
                0x000000000000e008                Settings
                0x000000000000e018                PerformanceConfig_GPU460mhz
                0x000000000000e01c                PerformanceConfig_GPU307mhz
 .data          0x000000000000e020        0x4 And64InlineHook.o
 .data          0x000000000000e024        0x4 env.o
 .data.rel.ro._ZTIN9__gnu_cxx24__concurrence_lock_errorE
                0x000000000000e028       0x18 /opt/devkitpro/devkitA64/bin/../lib/gcc/aarch64-none-elf/11.2.0/../../../../aarch64-none-elf/lib/pic/libstdc++.a(guard.o)
                0x000000000000e028                typeinfo for __gnu_cxx::__concurrence_lock_error
 .data.rel.ro._ZTIN9__gnu_cxx26__concurrence_unlock_errorE
                0x000000000000e040       0x18 /opt/devkitpro/devkitA64/bin/../lib/gcc/aarch64-none-elf/11.2.0/../../../../aarch64-none-elf/lib/pic/libstdc++.a(guard.o)
                0x000000000000e040                typeinfo for __gnu_cxx::__concurrence_unlock_error
 .data.rel.ro._ZTIN9__gnu_cxx29__concurrence_broadcast_errorE
                0x000000000000e058       0x18 /opt/devkitpro/devkitA64/bin/../lib/gcc/aarch64-none-elf/11.2.0/../../../../aarch64-none-elf/lib/pic/libstdc++.a(guard.o)
                0x000000000000e058                typeinfo for __gnu_cxx::__concurrence_broadcast_error
 .data.rel.ro._ZTIN9__gnu_cxx24__concurrence_wait_errorE
                0x000000000000e070       0x18 /opt/devkitpro/devkitA64/bin/../lib/gcc/aarch64-none-elf/11.2.0/../../../../aarch64-none-elf/lib/pic/libstdc++.a(guard.o)
                0x000000000000e070                typeinfo for __gnu_cxx::__concurrence_wait_error
 .data.rel.ro._ZTVN9__gnu_cxx24__concurrence_lock_errorE
                0x000000000000e088       0x28 /opt/devkitpro/devkitA64/bin/../lib/gcc/aarch64-none-elf/11.2.0/../../../../aarch64-none-elf/lib/pic/libstdc++.a(guard.o)
                0x000000000000e088                vtable for __gnu_cxx::__concurrence_lock_error
 .data.rel.ro._ZTVN9__gnu_cxx26__concurrence_unlock_errorE
                0x000000000000e0b0       0x28 /opt/devkitpro/devkitA64/bin/../lib/gcc/aarch64-none-elf/11.2.0/../../../../aarch64-none-elf/lib/pic/libstdc++.a(guard.o)
                0x000000000000e0b0                vtable for __gnu_cxx::__concurrence_unlock_error
 .data.rel.ro._ZTVN9__gnu_cxx29__concurrence_broadcast_errorE
                0x000000000000e0d8       0x28 /opt/devkitpro/devkitA64/bin/../lib/gcc/aarch64-none-elf/11.2.0/../../../../aarch64-none-elf/lib/pic/libstdc++.a(guard.o)
                0x000000000000e0d8                vtable for __gnu_cxx::__concurrence_broadcast_error
 .data.rel.ro._ZTVN9__gnu_cxx24__concurrence_wait_errorE
                0x000000000000e100       0x28 /opt/devkitpro/devkitA64/bin/../lib/gcc/aarch64-none-elf/11.2.0/../../../../aarch64-none-elf/lib/pic/libstdc++.a(guard.o)
                0x000000000000e100                vtable for __gnu_cxx::__concurrence_wait_error
 .data.rel.local.DW.ref.__gxx_personality_v0
                0x000000000000e128        0x8 /opt/devkitpro/devkitA64/bin/../lib/gcc/aarch64-none-elf/11.2.0/../../../../aarch64-none-elf/lib/pic/libstdc++.a(guard.o)
                0x000000000000e128                DW.ref.__gxx_personality_v0
 .data.rel.ro._ZTIN10__cxxabiv120__si_class_type_infoE
                0x000000000000e130       0x18 /opt/devkitpro/devkitA64/bin/../lib/gcc/aarch64-none-elf/11.2.0/../../../../aarch64-none-elf/lib/pic/libstdc++.a(si_class_type_info.o)
                0x000000000000e130                typeinfo for __cxxabiv1::__si_class_type_info
 .data.rel.ro._ZTVN10__cxxabiv120__si_class_type_infoE
                0x000000000000e148       0x58 /opt/devkitpro/devkitA64/bin/../lib/gcc/aarch64-none-elf/11.2.0/../../../../aarch64-none-elf/lib/pic/libstdc++.a(si_class_type_info.o)
                0x000000000000e148                vtable for __cxxabiv1::__si_class_type_info
 .data.rel.ro._ZTISt9type_info
                0x000000000000e1a0       0x10 /opt/devkitpro/devkitA64/bin/../lib/gcc/aarch64-none-elf/11.2.0/../../../../aarch64-none-elf/lib/pic/libstdc++.a(tinfo.o)
                0x000000000000e1a0                typeinfo for std::type_info
 .data.rel.ro._ZTISt9bad_alloc
                0x000000000000e1b0       0x18 /opt/devkitpro/devkitA64/bin/../lib/gcc/aarch64-none-elf/11.2.0/../../../../aarch64-none-elf/lib/pic/libstdc++.a(bad_alloc.o)
                0x000000000000e1b0                typeinfo for std::bad_alloc
 .data.rel.ro._ZTVSt9bad_alloc
                0x000000000000e1c8       0x28 /opt/devkitpro/devkitA64/bin/../lib/gcc/aarch64-none-elf/11.2.0/../../../../aarch64-none-elf/lib/pic/libstdc++.a(bad_alloc.o)
                0x000000000000e1c8                vtable for std::bad_alloc
 .data.rel.ro._ZTIN10__cxxabiv117__class_type_infoE
                0x000000000000e1f0       0x18 /opt/devkitpro/devkitA64/bin/../lib/gcc/aarch64-none-elf/11.2.0/../../../../aarch64-none-elf/lib/pic/libstdc++.a(class_type_info.o)
                0x000000000000e1f0                typeinfo for __cxxabiv1::__class_type_info
 .data.rel.ro._ZTVN10__cxxabiv117__class_type_infoE
                0x000000000000e208       0x58 /opt/devkitpro/devkitA64/bin/../lib/gcc/aarch64-none-elf/11.2.0/../../../../aarch64-none-elf/lib/pic/libstdc++.a(class_type_info.o)
                0x000000000000e208                vtable for __cxxabiv1::__class_type_info
 .data.rel.ro._ZTISt9exception
                0x000000000000e260       0x10 /opt/devkitpro/devkitA64/bin/../lib/gcc/aarch64-none-elf/11.2.0/../../../../aarch64-none-elf/lib/pic/libstdc++.a(eh_exception.o)
                0x000000000000e260                typeinfo for std::exception
 .data.rel.ro._ZTIN10__cxxabiv115__forced_unwindE
                0x000000000000e270       0x10 /opt/devkitpro/devkitA64/bin/../lib/gcc/aarch64-none-elf/11.2.0/../../../../aarch64-none-elf/lib/pic/libstdc++.a(eh_exception.o)
                0x000000000000e270                typeinfo for __cxxabiv1::__forced_unwind
 .data.rel.ro._ZTIN10__cxxabiv119__foreign_exceptionE
                0x000000000000e280       0x10 /opt/devkitpro/devkitA64/bin/../lib/gcc/aarch64-none-elf/11.2.0/../../../../aarch64-none-elf/lib/pic/libstdc++.a(eh_exception.o)
                0x000000000000e280                typeinfo for __cxxabiv1::__foreign_exception
 .data.rel._ZN10__cxxabiv120__unexpected_handlerE
                0x000000000000e290        0x8 /opt/devkitpro/devkitA64/bin/../lib/gcc/aarch64-none-elf/11.2.0/../../../../aarch64-none-elf/lib/pic/libstdc++.a(eh_unex_handler.o)
                0x000000000000e290                __cxxabiv1::__unexpected_handler
 .data.rel.ro._ZTISt11logic_error
                0x000000000000e298       0x18 /opt/devkitpro/devkitA64/bin/../lib/gcc/aarch64-none-elf/11.2.0/../../../../aarch64-none-elf/lib/pic/libstdc++.a(stdexcept.o)
                0x000000000000e298                typeinfo for std::logic_error
 .data.rel.ro._ZTISt12length_error
                0x000000000000e2b0       0x18 /opt/devkitpro/devkitA64/bin/../lib/gcc/aarch64-none-elf/11.2.0/../../../../aarch64-none-elf/lib/pic/libstdc++.a(stdexcept.o)
                0x000000000000e2b0                typeinfo for std::length_error
 .data.rel.ro._ZTISt12out_of_range
                0x000000000000e2c8       0x18 /opt/devkitpro/devkitA64/bin/../lib/gcc/aarch64-none-elf/11.2.0/../../../../aarch64-none-elf/lib/pic/libstdc++.a(stdexcept.o)
                0x000000000000e2c8                typeinfo for std::out_of_range
 .data.rel.ro._ZTVSt11logic_error
                0x000000000000e2e0       0x28 /opt/devkitpro/devkitA64/bin/../lib/gcc/aarch64-none-elf/11.2.0/../../../../aarch64-none-elf/lib/pic/libstdc++.a(stdexcept.o)
                0x000000000000e2e0                vtable for std::logic_error
 .data.rel.ro._ZTVSt12length_error
                0x000000000000e308       0x28 /opt/devkitpro/devkitA64/bin/../lib/gcc/aarch64-none-elf/11.2.0/../../../../aarch64-none-elf/lib/pic/libstdc++.a(stdexcept.o)
                0x000000000000e308                vtable for std::length_error
 .data.rel.ro._ZTVSt12out_of_range
                0x000000000000e330       0x28 /opt/devkitpro/devkitA64/bin/../lib/gcc/aarch64-none-elf/11.2.0/../../../../aarch64-none-elf/lib/pic/libstdc++.a(stdexcept.o)
                0x000000000000e330                vtable for std::out_of_range
 .data.rel._ZN10__cxxabiv119__terminate_handlerE
                0x000000000000e358        0x8 /opt/devkitpro/devkitA64/bin/../lib/gcc/aarch64-none-elf/11.2.0/../../../../aarch64-none-elf/lib/pic/libstdc++.a(eh_term_handler.o)
                0x000000000000e358                __cxxabiv1::__terminate_handler

.data.rela.ro
 *(.data.rela.ro.local*)
 *(.data.rela.ro .data.rela.ro.*)

.data.rel.ro
 *(.data.rel.ro.local*)
 *(.data.rel.ro .data.rel.ro.*)
                0x000000000000e360                __got_start__ = .

.got            0x000000000000e360      0x560
 *(.got.plt)
 .got.plt       0x000000000000e360      0x220 /opt/devkitpro/devkitA64/bin/../lib/gcc/aarch64-none-elf/11.2.0/pic/crti.o
 *(.igot.plt)
 *(.got)
 .got           0x000000000000e580      0x340 /opt/devkitpro/devkitA64/bin/../lib/gcc/aarch64-none-elf/11.2.0/pic/crti.o
                0x000000000000e580                _GLOBAL_OFFSET_TABLE_
 *(.igot)
                0x000000000000e8c0                __got_end__ = .

.dynamic        0x000000000000e8c0      0x180
                0x000000000000e8c0                __dynamic_start__ = .
 *(.dynamic)
 .dynamic       0x000000000000e8c0      0x180 /opt/devkitpro/devkitA64/bin/../lib/gcc/aarch64-none-elf/11.2.0/pic/crti.o
                0x000000000000e8c0                _DYNAMIC
                0x000000000000ea40                . = ALIGN (0x8)

.preinit_array  0x000000000000ea40        0x0
                0x000000000000ea40                PROVIDE (__preinit_array_start__ = .)
 *(.preinit_array)
                0x000000000000ea40                PROVIDE (__preinit_array_end__ = .)

.init_array     0x000000000000ea40       0x28
                0x000000000000ea40                PROVIDE (__init_array_start__ = .)
 *(SORT_BY_INIT_PRIORITY(.init_array.*))
 *(.init_array)
 .init_array    0x000000000000ea40        0x8 /opt/devkitpro/devkitA64/bin/../lib/gcc/aarch64-none-elf/11.2.0/pic/crtbegin.o
 .init_array    0x000000000000ea48        0x8 main_patch.o
 .init_array    0x000000000000ea50        0x8 cpputils.o
 .init_array    0x000000000000ea58        0x8 /opt/devkitpro/devkitA64/bin/../lib/gcc/aarch64-none-elf/11.2.0/../../../../aarch64-none-elf/lib/pic/libstdc++.a(eh_alloc.o)
 .init_array    0x000000000000ea60        0x8 /opt/devkitpro/devkitA64/bin/../lib/gcc/aarch64-none-elf/11.2.0/../../../../aarch64-none-elf/lib/pic/libstdc++.a(eh_globals.o)
                0x000000000000ea68                PROVIDE (__init_array_end__ = .)

.fini_array     0x000000000000ea68       0x20
                0x000000000000ea68                PROVIDE (__fini_array_start__ = .)
 *(SORT_BY_INIT_PRIORITY(.fini_array.*))
 *(.fini_array)
 .fini_array    0x000000000000ea68        0x8 /opt/devkitpro/devkitA64/bin/../lib/gcc/aarch64-none-elf/11.2.0/pic/crtbegin.o
 .fini_array    0x000000000000ea70        0x8 main_patch.o
 .fini_array    0x000000000000ea78        0x8 cpputils.o
 .fini_array    0x000000000000ea80        0x8 /opt/devkitpro/devkitA64/bin/../lib/gcc/aarch64-none-elf/11.2.0/../../../../aarch64-none-elf/lib/pic/libstdc++.a(eh_globals.o)
                0x000000000000ea88                PROVIDE (__fini_array_end__ = .)

.tdata          0x000000000000ea88        0x0
                0x000000000000ea88                __tdata_align_abs__ = ABSOLUTE (.)
                0x000000000000ea88                __tdata_start__ = .
 *(.tdata .tdata.*)
                0x000000000000ea88                __tdata_end__ = .

.tbss           0x000000000000ea88        0x0
                0x000000000000ea88                __tbss_align_abs__ = ABSOLUTE (.)
                0x000000000000ea88                __tbss_start__ = .
 *(.tbss .tbss.*)
 *(.tcommon)
                0x000000000000ea88                __tbss_end__ = .
                0x000000000000f000                . = ALIGN (0x1000)

.bss            0x000000000000f000     0x1000
                0x000000000000f000                __bss_start__ = .
 *(.bss .bss.*)
 .bss.completed.1